// Jest Snapshot v1, https://goo.gl/fbAQLP

exports[`Telegram 1 1`] = `
.c0 {
  -webkit-text-decoration: none;
  text-decoration: none;
  color: #fff;
  margin: 0.5em;
  display: inline-block;
}

.c0 svg {
  width: 1em;
  height: 1em;
  vertical-align: top;
}

.c0 svg:not(:only-child) {
  margin-right: 0.4em;
}

.c2 {
  display: -webkit-box;
  display: -webkit-flex;
  display: -ms-flexbox;
  display: flex;
  -webkit-align-items: center;
  -webkit-box-align: center;
  -ms-flex-align: center;
  align-items: center;
  fill: #fff;
  stroke: none;
  fill: #fff;
  stroke: none;
}

.c1 {
  border-radius: 5px;
  -webkit-transition: 25ms ease-out;
  transition: 25ms ease-out;
  padding: 0.5em 0.75em;
  font-family: Helvetica Neue,Helvetica,Arial,sans-serif;
  background-color: #54a9eb;
  border-color: #54a9eb;
}

.c1:hover,
.c1:active {
  background-color: #4b97d1;
  border-color: #4b97d1;
}

<Component
  big={true}
  link="http://sharingbuttons.io"
  message="I am so cool"
  solidcircle={true}
>
  <ButtonFactory
    big={true}
    buttonComponent={
      Object {
        "$$typeof": Symbol(react.forward_ref),
        "attrs": Array [],
        "componentStyle": ComponentStyle {
          "componentId": "sc-fjdhpX",
          "isStatic": true,
          "lastClassName": "c1",
          "rules": Array [
            "
  border-radius: 5px;
  transition: 25ms ease-out;
  padding: 0.5em 0.75em;
  font-family: Helvetica Neue, Helvetica, Arial, sans-serif;
",
            "
  background-color: #1a7576;
  border-color: #1a7576;

  &:hover,
  &:active {
    background-color: #114c4c;
    border-color: #114c4c;
  }
",
          ],
        },
        "displayName": "Styled(styled.div)",
        "render": [Function],
        "styledComponentId": "sc-fjdhpX",
        "target": "div",
        "toString": [Function],
        "warnTooManyClasses": [Function],
        "withComponent": [Function],
      }
    }
    href="https://telegram.me/share/url?text=&url=http%3A%2F%2Fsharingbuttons.io"
    iconCircle={[Function]}
    iconCircleSolid={[Function]}
    iconFill={[Function]}
    message="I am so cool"
    name="Telegram"
    solidcircle={true}
  >
    <styled.a
      aria-label="Share on Telegram"
      href="https://telegram.me/share/url?text=&url=http%3A%2F%2Fsharingbuttons.io"
      rel="noreferrer noopener"
      target="_blank"
      title="Share on Telegram"
    >
      <StyledComponent
        aria-label="Share on Telegram"
        forwardedClass={
          Object {
            "$$typeof": Symbol(react.forward_ref),
            "attrs": Array [],
            "componentStyle": ComponentStyle {
              "componentId": "sc-bwzfXH",
              "isStatic": false,
              "lastClassName": "c0",
              "rules": Array [
                "
  text-decoration: none;
  color: #fff;
  margin: 0.5em;
  display: inline-block;

  svg {
    width: 1em;
    height: 1em;
    vertical-align: top;

    &:not(:only-child) {
      margin-right: 0.4em;
    }
  }

  ",
                [Function],
                ";

  ",
                [Function],
                ";

  ",
                [Function],
                ";
",
              ],
            },
            "displayName": "styled.a",
            "render": [Function],
            "styledComponentId": "sc-bwzfXH",
            "target": "a",
            "toString": [Function],
            "warnTooManyClasses": [Function],
            "withComponent": [Function],
          }
        }
        forwardedRef={null}
        href="https://telegram.me/share/url?text=&url=http%3A%2F%2Fsharingbuttons.io"
        rel="noreferrer noopener"
        target="_blank"
        title="Share on Telegram"
      >
        <a
          aria-label="Share on Telegram"
          className="c0"
          href="https://telegram.me/share/url?text=&url=http%3A%2F%2Fsharingbuttons.io"
          rel="noreferrer noopener"
          target="_blank"
          title="Share on Telegram"
        >
          <Styled(styled.div)
            message="I am so cool"
            solidcircle={true}
          >
            <StyledComponent
              forwardedClass={
                Object {
                  "$$typeof": Symbol(react.forward_ref),
                  "attrs": Array [],
                  "componentStyle": ComponentStyle {
                    "componentId": "sc-fjdhpX",
                    "isStatic": true,
                    "lastClassName": "c1",
                    "rules": Array [
                      "
  border-radius: 5px;
  transition: 25ms ease-out;
  padding: 0.5em 0.75em;
  font-family: Helvetica Neue, Helvetica, Arial, sans-serif;
",
                      "
  background-color: #1a7576;
  border-color: #1a7576;

  &:hover,
  &:active {
    background-color: #114c4c;
    border-color: #114c4c;
  }
",
                    ],
                  },
                  "displayName": "Styled(styled.div)",
                  "render": [Function],
                  "styledComponentId": "sc-fjdhpX",
                  "target": "div",
                  "toString": [Function],
                  "warnTooManyClasses": [Function],
                  "withComponent": [Function],
                }
              }
              forwardedRef={null}
              message="I am so cool"
              solidcircle={true}
            >
              <div
                className="c1"
              >
                <styled.div
                  aria-hidden="true"
                  solidcircle={true}
                >
                  <StyledComponent
                    aria-hidden="true"
                    forwardedClass={
                      Object {
                        "$$typeof": Symbol(react.forward_ref),
                        "attrs": Array [],
                        "componentStyle": ComponentStyle {
                          "componentId": "sc-htpNat",
                          "isStatic": false,
                          "lastClassName": "c2",
                          "rules": Array [
                            "
  display: flex;
  align-items: center;
  fill: #fff;
  stroke: none;

  ",
                            [Function],
                            ";
",
                          ],
                        },
                        "displayName": "styled.div",
                        "render": [Function],
                        "styledComponentId": "sc-htpNat",
                        "target": "div",
                        "toString": [Function],
                        "warnTooManyClasses": [Function],
                        "withComponent": [Function],
                      }
                    }
                    forwardedRef={null}
                    solidcircle={true}
                  >
                    <div
                      aria-hidden="true"
                      className="c2"
                    >
                      <svg
                        viewBox="0 0 24 24"
                        xmlns="http://www.w3.org/2000/svg"
                      >
                        <path
                          d="M12 23.5c6.35 0 11.5-5.15 11.5-11.5S18.35.5 12 .5.5 5.65.5 12 5.65 23.5 12 23.5zM2.505 11.053c-.31.118-.505.738-.505.738s.203.62.513.737l3.636 1.355 1.417 4.557a.787.787 0 0 0 1.25.375l2.115-1.72a.29.29 0 0 1 .353-.01L15.1 19.85a.786.786 0 0 0 .746.095.786.786 0 0 0 .487-.573l2.793-13.426a.787.787 0 0 0-1.054-.893l-15.568 6z"
                          fillRule="evenodd"
                        />
                      </svg>
                       
                      <span>
                        Share on Telegram
                      </span>
                    </div>
                  </StyledComponent>
                </styled.div>
              </div>
            </StyledComponent>
          </Styled(styled.div)>
        </a>
      </StyledComponent>
    </styled.a>
  </ButtonFactory>
</Component>
`;

exports[`Telegram 2 1`] = `
.c0 {
  -webkit-text-decoration: none;
  text-decoration: none;
  color: #fff;
  margin: 0.5em;
  display: inline-block;
}

.c0 svg {
  width: 1em;
  height: 1em;
  vertical-align: top;
}

.c0 svg:not(:only-child) {
  margin-right: 0.4em;
}

.c2 {
  display: -webkit-box;
  display: -webkit-flex;
  display: -ms-flexbox;
  display: flex;
  -webkit-align-items: center;
  -webkit-box-align: center;
  -ms-flex-align: center;
  align-items: center;
  fill: #fff;
  stroke: none;
  fill: #fff;
  stroke: none;
}

.c1 {
  border-radius: 5px;
  -webkit-transition: 25ms ease-out;
  transition: 25ms ease-out;
  padding: 0.5em 0.75em;
  font-family: Helvetica Neue,Helvetica,Arial,sans-serif;
  background-color: #54a9eb;
  border-color: #54a9eb;
}

.c1:hover,
.c1:active {
  background-color: #4b97d1;
  border-color: #4b97d1;
}

<Component
  link="http://sharingbuttons.io"
  medium={true}
  message="I am so cool"
  solidcircle={true}
>
  <ButtonFactory
    buttonComponent={
      Object {
        "$$typeof": Symbol(react.forward_ref),
        "attrs": Array [],
        "componentStyle": ComponentStyle {
          "componentId": "sc-fjdhpX",
          "isStatic": true,
          "lastClassName": "c1",
          "rules": Array [
            "
  border-radius: 5px;
  transition: 25ms ease-out;
  padding: 0.5em 0.75em;
  font-family: Helvetica Neue, Helvetica, Arial, sans-serif;
",
            "
  background-color: #1a7576;
  border-color: #1a7576;

  &:hover,
  &:active {
    background-color: #114c4c;
    border-color: #114c4c;
  }
",
          ],
        },
        "displayName": "Styled(styled.div)",
        "render": [Function],
        "styledComponentId": "sc-fjdhpX",
        "target": "div",
        "toString": [Function],
        "warnTooManyClasses": [Function],
        "withComponent": [Function],
      }
    }
    href="https://telegram.me/share/url?text=&url=http%3A%2F%2Fsharingbuttons.io"
    iconCircle={[Function]}
    iconCircleSolid={[Function]}
    iconFill={[Function]}
    medium={true}
    message="I am so cool"
    name="Telegram"
    solidcircle={true}
  >
    <styled.a
      aria-label="Share on Telegram"
      href="https://telegram.me/share/url?text=&url=http%3A%2F%2Fsharingbuttons.io"
      rel="noreferrer noopener"
      target="_blank"
      title="Share on Telegram"
    >
      <StyledComponent
        aria-label="Share on Telegram"
        forwardedClass={
          Object {
            "$$typeof": Symbol(react.forward_ref),
            "attrs": Array [],
            "componentStyle": ComponentStyle {
              "componentId": "sc-bwzfXH",
              "isStatic": false,
              "lastClassName": "c0",
              "rules": Array [
                "
  text-decoration: none;
  color: #fff;
  margin: 0.5em;
  display: inline-block;

  svg {
    width: 1em;
    height: 1em;
    vertical-align: top;

    &:not(:only-child) {
      margin-right: 0.4em;
    }
  }

  ",
                [Function],
                ";

  ",
                [Function],
                ";

  ",
                [Function],
                ";
",
              ],
            },
            "displayName": "styled.a",
            "render": [Function],
            "styledComponentId": "sc-bwzfXH",
            "target": "a",
            "toString": [Function],
            "warnTooManyClasses": [Function],
            "withComponent": [Function],
          }
        }
        forwardedRef={null}
        href="https://telegram.me/share/url?text=&url=http%3A%2F%2Fsharingbuttons.io"
        rel="noreferrer noopener"
        target="_blank"
        title="Share on Telegram"
      >
        <a
          aria-label="Share on Telegram"
          className="c0"
          href="https://telegram.me/share/url?text=&url=http%3A%2F%2Fsharingbuttons.io"
          rel="noreferrer noopener"
          target="_blank"
          title="Share on Telegram"
        >
          <Styled(styled.div)
            message="I am so cool"
            solidcircle={true}
          >
            <StyledComponent
              forwardedClass={
                Object {
                  "$$typeof": Symbol(react.forward_ref),
                  "attrs": Array [],
                  "componentStyle": ComponentStyle {
                    "componentId": "sc-fjdhpX",
                    "isStatic": true,
                    "lastClassName": "c1",
                    "rules": Array [
                      "
  border-radius: 5px;
  transition: 25ms ease-out;
  padding: 0.5em 0.75em;
  font-family: Helvetica Neue, Helvetica, Arial, sans-serif;
",
                      "
  background-color: #1a7576;
  border-color: #1a7576;

  &:hover,
  &:active {
    background-color: #114c4c;
    border-color: #114c4c;
  }
",
                    ],
                  },
                  "displayName": "Styled(styled.div)",
                  "render": [Function],
                  "styledComponentId": "sc-fjdhpX",
                  "target": "div",
                  "toString": [Function],
                  "warnTooManyClasses": [Function],
                  "withComponent": [Function],
                }
              }
              forwardedRef={null}
              message="I am so cool"
              solidcircle={true}
            >
              <div
                className="c1"
              >
                <styled.div
                  aria-hidden="true"
                  solidcircle={true}
                >
                  <StyledComponent
                    aria-hidden="true"
                    forwardedClass={
                      Object {
                        "$$typeof": Symbol(react.forward_ref),
                        "attrs": Array [],
                        "componentStyle": ComponentStyle {
                          "componentId": "sc-htpNat",
                          "isStatic": false,
                          "lastClassName": "c2",
                          "rules": Array [
                            "
  display: flex;
  align-items: center;
  fill: #fff;
  stroke: none;

  ",
                            [Function],
                            ";
",
                          ],
                        },
                        "displayName": "styled.div",
                        "render": [Function],
                        "styledComponentId": "sc-htpNat",
                        "target": "div",
                        "toString": [Function],
                        "warnTooManyClasses": [Function],
                        "withComponent": [Function],
                      }
                    }
                    forwardedRef={null}
                    solidcircle={true}
                  >
                    <div
                      aria-hidden="true"
                      className="c2"
                    >
                      <svg
                        viewBox="0 0 24 24"
                        xmlns="http://www.w3.org/2000/svg"
                      >
                        <path
                          d="M12 23.5c6.35 0 11.5-5.15 11.5-11.5S18.35.5 12 .5.5 5.65.5 12 5.65 23.5 12 23.5zM2.505 11.053c-.31.118-.505.738-.505.738s.203.62.513.737l3.636 1.355 1.417 4.557a.787.787 0 0 0 1.25.375l2.115-1.72a.29.29 0 0 1 .353-.01L15.1 19.85a.786.786 0 0 0 .746.095.786.786 0 0 0 .487-.573l2.793-13.426a.787.787 0 0 0-1.054-.893l-15.568 6z"
                          fillRule="evenodd"
                        />
                      </svg>
                       
                      <span>
                        Telegram
                      </span>
                    </div>
                  </StyledComponent>
                </styled.div>
              </div>
            </StyledComponent>
          </Styled(styled.div)>
        </a>
      </StyledComponent>
    </styled.a>
  </ButtonFactory>
</Component>
`;

exports[`Telegram 3 1`] = `
.c0 {
  -webkit-text-decoration: none;
  text-decoration: none;
  color: #fff;
  margin: 0.5em;
  display: inline-block;
}

.c0 svg {
  width: 1em;
  height: 1em;
  vertical-align: top;
}

.c0 svg:not(:only-child) {
  margin-right: 0.4em;
}

.c2 {
  display: -webkit-box;
  display: -webkit-flex;
  display: -ms-flexbox;
  display: flex;
  -webkit-align-items: center;
  -webkit-box-align: center;
  -ms-flex-align: center;
  align-items: center;
  fill: #fff;
  stroke: none;
  fill: #fff;
  stroke: none;
}

.c1 {
  border-radius: 5px;
  -webkit-transition: 25ms ease-out;
  transition: 25ms ease-out;
  padding: 0.5em 0.75em;
  font-family: Helvetica Neue,Helvetica,Arial,sans-serif;
  background-color: #54a9eb;
  border-color: #54a9eb;
}

.c1:hover,
.c1:active {
  background-color: #4b97d1;
  border-color: #4b97d1;
}

<Component
  link="http://sharingbuttons.io"
  message="I am so cool"
  small={true}
  solidcircle={true}
>
  <ButtonFactory
    buttonComponent={
      Object {
        "$$typeof": Symbol(react.forward_ref),
        "attrs": Array [],
        "componentStyle": ComponentStyle {
          "componentId": "sc-fjdhpX",
          "isStatic": true,
          "lastClassName": "c1",
          "rules": Array [
            "
  border-radius: 5px;
  transition: 25ms ease-out;
  padding: 0.5em 0.75em;
  font-family: Helvetica Neue, Helvetica, Arial, sans-serif;
",
            "
  background-color: #1a7576;
  border-color: #1a7576;

  &:hover,
  &:active {
    background-color: #114c4c;
    border-color: #114c4c;
  }
",
          ],
        },
        "displayName": "Styled(styled.div)",
        "render": [Function],
        "styledComponentId": "sc-fjdhpX",
        "target": "div",
        "toString": [Function],
        "warnTooManyClasses": [Function],
        "withComponent": [Function],
      }
    }
    href="https://telegram.me/share/url?text=&url=http%3A%2F%2Fsharingbuttons.io"
    iconCircle={[Function]}
    iconCircleSolid={[Function]}
    iconFill={[Function]}
    message="I am so cool"
    name="Telegram"
    small={true}
    solidcircle={true}
  >
    <styled.a
      aria-label="Share on Telegram"
      href="https://telegram.me/share/url?text=&url=http%3A%2F%2Fsharingbuttons.io"
      rel="noreferrer noopener"
      target="_blank"
      title="Share on Telegram"
    >
      <StyledComponent
        aria-label="Share on Telegram"
        forwardedClass={
          Object {
            "$$typeof": Symbol(react.forward_ref),
            "attrs": Array [],
            "componentStyle": ComponentStyle {
              "componentId": "sc-bwzfXH",
              "isStatic": false,
              "lastClassName": "c0",
              "rules": Array [
                "
  text-decoration: none;
  color: #fff;
  margin: 0.5em;
  display: inline-block;

  svg {
    width: 1em;
    height: 1em;
    vertical-align: top;

    &:not(:only-child) {
      margin-right: 0.4em;
    }
  }

  ",
                [Function],
                ";

  ",
                [Function],
                ";

  ",
                [Function],
                ";
",
              ],
            },
            "displayName": "styled.a",
            "render": [Function],
            "styledComponentId": "sc-bwzfXH",
            "target": "a",
            "toString": [Function],
            "warnTooManyClasses": [Function],
            "withComponent": [Function],
          }
        }
        forwardedRef={null}
        href="https://telegram.me/share/url?text=&url=http%3A%2F%2Fsharingbuttons.io"
        rel="noreferrer noopener"
        target="_blank"
        title="Share on Telegram"
      >
        <a
          aria-label="Share on Telegram"
          className="c0"
          href="https://telegram.me/share/url?text=&url=http%3A%2F%2Fsharingbuttons.io"
          rel="noreferrer noopener"
          target="_blank"
          title="Share on Telegram"
        >
          <Styled(styled.div)
            message="I am so cool"
            small={true}
            solidcircle={true}
          >
            <StyledComponent
              forwardedClass={
                Object {
                  "$$typeof": Symbol(react.forward_ref),
                  "attrs": Array [],
                  "componentStyle": ComponentStyle {
                    "componentId": "sc-fjdhpX",
                    "isStatic": true,
                    "lastClassName": "c1",
                    "rules": Array [
                      "
  border-radius: 5px;
  transition: 25ms ease-out;
  padding: 0.5em 0.75em;
  font-family: Helvetica Neue, Helvetica, Arial, sans-serif;
",
                      "
  background-color: #1a7576;
  border-color: #1a7576;

  &:hover,
  &:active {
    background-color: #114c4c;
    border-color: #114c4c;
  }
",
                    ],
                  },
                  "displayName": "Styled(styled.div)",
                  "render": [Function],
                  "styledComponentId": "sc-fjdhpX",
                  "target": "div",
                  "toString": [Function],
                  "warnTooManyClasses": [Function],
                  "withComponent": [Function],
                }
              }
              forwardedRef={null}
              message="I am so cool"
              small={true}
              solidcircle={true}
            >
              <div
                className="c1"
              >
                <styled.div
                  aria-hidden="true"
                  solidcircle={true}
                >
                  <StyledComponent
                    aria-hidden="true"
                    forwardedClass={
                      Object {
                        "$$typeof": Symbol(react.forward_ref),
                        "attrs": Array [],
                        "componentStyle": ComponentStyle {
                          "componentId": "sc-htpNat",
                          "isStatic": false,
                          "lastClassName": "c2",
                          "rules": Array [
                            "
  display: flex;
  align-items: center;
  fill: #fff;
  stroke: none;

  ",
                            [Function],
                            ";
",
                          ],
                        },
                        "displayName": "styled.div",
                        "render": [Function],
                        "styledComponentId": "sc-htpNat",
                        "target": "div",
                        "toString": [Function],
                        "warnTooManyClasses": [Function],
                        "withComponent": [Function],
                      }
                    }
                    forwardedRef={null}
                    solidcircle={true}
                  >
                    <div
                      aria-hidden="true"
                      className="c2"
                    >
                      <svg
                        viewBox="0 0 24 24"
                        xmlns="http://www.w3.org/2000/svg"
                      >
                        <path
                          d="M12 23.5c6.35 0 11.5-5.15 11.5-11.5S18.35.5 12 .5.5 5.65.5 12 5.65 23.5 12 23.5zM2.505 11.053c-.31.118-.505.738-.505.738s.203.62.513.737l3.636 1.355 1.417 4.557a.787.787 0 0 0 1.25.375l2.115-1.72a.29.29 0 0 1 .353-.01L15.1 19.85a.786.786 0 0 0 .746.095.786.786 0 0 0 .487-.573l2.793-13.426a.787.787 0 0 0-1.054-.893l-15.568 6z"
                          fillRule="evenodd"
                        />
                      </svg>
                       
                    </div>
                  </StyledComponent>
                </styled.div>
              </div>
            </StyledComponent>
          </Styled(styled.div)>
        </a>
      </StyledComponent>
    </styled.a>
  </ButtonFactory>
</Component>
`;

exports[`Telegram 4 1`] = `
.c0 {
  -webkit-text-decoration: none;
  text-decoration: none;
  color: #fff;
  margin: 0.5em;
  display: inline-block;
}

.c0 svg {
  width: 1em;
  height: 1em;
  vertical-align: top;
}

.c0 svg:not(:only-child) {
  margin-right: 0.4em;
}

.c2 {
  display: -webkit-box;
  display: -webkit-flex;
  display: -ms-flexbox;
  display: flex;
  -webkit-align-items: center;
  -webkit-box-align: center;
  -ms-flex-align: center;
  align-items: center;
  fill: #fff;
  stroke: none;
}

.c1 {
  border-radius: 5px;
  -webkit-transition: 25ms ease-out;
  transition: 25ms ease-out;
  padding: 0.5em 0.75em;
  font-family: Helvetica Neue,Helvetica,Arial,sans-serif;
  background-color: #54a9eb;
  border-color: #54a9eb;
}

.c1:hover,
.c1:active {
  background-color: #4b97d1;
  border-color: #4b97d1;
}

<Component
  big={true}
  circle={true}
  link="http://sharingbuttons.io"
  message="I am so cool"
>
  <ButtonFactory
    big={true}
    buttonComponent={
      Object {
        "$$typeof": Symbol(react.forward_ref),
        "attrs": Array [],
        "componentStyle": ComponentStyle {
          "componentId": "sc-fjdhpX",
          "isStatic": true,
          "lastClassName": "c1",
          "rules": Array [
            "
  border-radius: 5px;
  transition: 25ms ease-out;
  padding: 0.5em 0.75em;
  font-family: Helvetica Neue, Helvetica, Arial, sans-serif;
",
            "
  background-color: #1a7576;
  border-color: #1a7576;

  &:hover,
  &:active {
    background-color: #114c4c;
    border-color: #114c4c;
  }
",
          ],
        },
        "displayName": "Styled(styled.div)",
        "render": [Function],
        "styledComponentId": "sc-fjdhpX",
        "target": "div",
        "toString": [Function],
        "warnTooManyClasses": [Function],
        "withComponent": [Function],
      }
    }
    circle={true}
    href="https://telegram.me/share/url?text=&url=http%3A%2F%2Fsharingbuttons.io"
    iconCircle={[Function]}
    iconCircleSolid={[Function]}
    iconFill={[Function]}
    message="I am so cool"
    name="Telegram"
  >
    <styled.a
      aria-label="Share on Telegram"
      href="https://telegram.me/share/url?text=&url=http%3A%2F%2Fsharingbuttons.io"
      rel="noreferrer noopener"
      target="_blank"
      title="Share on Telegram"
    >
      <StyledComponent
        aria-label="Share on Telegram"
        forwardedClass={
          Object {
            "$$typeof": Symbol(react.forward_ref),
            "attrs": Array [],
            "componentStyle": ComponentStyle {
              "componentId": "sc-bwzfXH",
              "isStatic": false,
              "lastClassName": "c0",
              "rules": Array [
                "
  text-decoration: none;
  color: #fff;
  margin: 0.5em;
  display: inline-block;

  svg {
    width: 1em;
    height: 1em;
    vertical-align: top;

    &:not(:only-child) {
      margin-right: 0.4em;
    }
  }

  ",
                [Function],
                ";

  ",
                [Function],
                ";

  ",
                [Function],
                ";
",
              ],
            },
            "displayName": "styled.a",
            "render": [Function],
            "styledComponentId": "sc-bwzfXH",
            "target": "a",
            "toString": [Function],
            "warnTooManyClasses": [Function],
            "withComponent": [Function],
          }
        }
        forwardedRef={null}
        href="https://telegram.me/share/url?text=&url=http%3A%2F%2Fsharingbuttons.io"
        rel="noreferrer noopener"
        target="_blank"
        title="Share on Telegram"
      >
        <a
          aria-label="Share on Telegram"
          className="c0"
          href="https://telegram.me/share/url?text=&url=http%3A%2F%2Fsharingbuttons.io"
          rel="noreferrer noopener"
          target="_blank"
          title="Share on Telegram"
        >
          <Styled(styled.div)
            message="I am so cool"
          >
            <StyledComponent
              forwardedClass={
                Object {
                  "$$typeof": Symbol(react.forward_ref),
                  "attrs": Array [],
                  "componentStyle": ComponentStyle {
                    "componentId": "sc-fjdhpX",
                    "isStatic": true,
                    "lastClassName": "c1",
                    "rules": Array [
                      "
  border-radius: 5px;
  transition: 25ms ease-out;
  padding: 0.5em 0.75em;
  font-family: Helvetica Neue, Helvetica, Arial, sans-serif;
",
                      "
  background-color: #1a7576;
  border-color: #1a7576;

  &:hover,
  &:active {
    background-color: #114c4c;
    border-color: #114c4c;
  }
",
                    ],
                  },
                  "displayName": "Styled(styled.div)",
                  "render": [Function],
                  "styledComponentId": "sc-fjdhpX",
                  "target": "div",
                  "toString": [Function],
                  "warnTooManyClasses": [Function],
                  "withComponent": [Function],
                }
              }
              forwardedRef={null}
              message="I am so cool"
            >
              <div
                className="c1"
              >
                <styled.div
                  aria-hidden="true"
                >
                  <StyledComponent
                    aria-hidden="true"
                    forwardedClass={
                      Object {
                        "$$typeof": Symbol(react.forward_ref),
                        "attrs": Array [],
                        "componentStyle": ComponentStyle {
                          "componentId": "sc-htpNat",
                          "isStatic": false,
                          "lastClassName": "c2",
                          "rules": Array [
                            "
  display: flex;
  align-items: center;
  fill: #fff;
  stroke: none;

  ",
                            [Function],
                            ";
",
                          ],
                        },
                        "displayName": "styled.div",
                        "render": [Function],
                        "styledComponentId": "sc-htpNat",
                        "target": "div",
                        "toString": [Function],
                        "warnTooManyClasses": [Function],
                        "withComponent": [Function],
                      }
                    }
                    forwardedRef={null}
                  >
                    <div
                      aria-hidden="true"
                      className="c2"
                    >
                      <svg
                        viewBox="0 0 24 24"
                        xmlns="http://www.w3.org/2000/svg"
                      >
                        <circle
                          cx="12"
                          cy="12"
                          r="11.5"
                        />
                        <path
                          d="M2.505 11.053c-.31.118-.505.738-.505.738s.203.62.513.737l3.636 1.355 1.417 4.557a.787.787 0 0 0 1.25.375l2.115-1.72a.29.29 0 0 1 .353-.01L15.1 19.85a.786.786 0 0 0 .746.095.786.786 0 0 0 .487-.573l2.793-13.426a.787.787 0 0 0-1.054-.893l-15.568 6z"
                        />
                      </svg>
                       
                      <span>
                        Share on Telegram
                      </span>
                    </div>
                  </StyledComponent>
                </styled.div>
              </div>
            </StyledComponent>
          </Styled(styled.div)>
        </a>
      </StyledComponent>
    </styled.a>
  </ButtonFactory>
</Component>
`;

exports[`Telegram 5 1`] = `
.c0 {
  -webkit-text-decoration: none;
  text-decoration: none;
  color: #fff;
  margin: 0.5em;
  display: inline-block;
}

.c0 svg {
  width: 1em;
  height: 1em;
  vertical-align: top;
}

.c0 svg:not(:only-child) {
  margin-right: 0.4em;
}

.c2 {
  display: -webkit-box;
  display: -webkit-flex;
  display: -ms-flexbox;
  display: flex;
  -webkit-align-items: center;
  -webkit-box-align: center;
  -ms-flex-align: center;
  align-items: center;
  fill: #fff;
  stroke: none;
}

.c1 {
  border-radius: 5px;
  -webkit-transition: 25ms ease-out;
  transition: 25ms ease-out;
  padding: 0.5em 0.75em;
  font-family: Helvetica Neue,Helvetica,Arial,sans-serif;
  background-color: #54a9eb;
  border-color: #54a9eb;
}

.c1:hover,
.c1:active {
  background-color: #4b97d1;
  border-color: #4b97d1;
}

<Component
  circle={true}
  link="http://sharingbuttons.io"
  medium={true}
  message="I am so cool"
>
  <ButtonFactory
    buttonComponent={
      Object {
        "$$typeof": Symbol(react.forward_ref),
        "attrs": Array [],
        "componentStyle": ComponentStyle {
          "componentId": "sc-fjdhpX",
          "isStatic": true,
          "lastClassName": "c1",
          "rules": Array [
            "
  border-radius: 5px;
  transition: 25ms ease-out;
  padding: 0.5em 0.75em;
  font-family: Helvetica Neue, Helvetica, Arial, sans-serif;
",
            "
  background-color: #1a7576;
  border-color: #1a7576;

  &:hover,
  &:active {
    background-color: #114c4c;
    border-color: #114c4c;
  }
",
          ],
        },
        "displayName": "Styled(styled.div)",
        "render": [Function],
        "styledComponentId": "sc-fjdhpX",
        "target": "div",
        "toString": [Function],
        "warnTooManyClasses": [Function],
        "withComponent": [Function],
      }
    }
    circle={true}
    href="https://telegram.me/share/url?text=&url=http%3A%2F%2Fsharingbuttons.io"
    iconCircle={[Function]}
    iconCircleSolid={[Function]}
    iconFill={[Function]}
    medium={true}
    message="I am so cool"
    name="Telegram"
  >
    <styled.a
      aria-label="Share on Telegram"
      href="https://telegram.me/share/url?text=&url=http%3A%2F%2Fsharingbuttons.io"
      rel="noreferrer noopener"
      target="_blank"
      title="Share on Telegram"
    >
      <StyledComponent
        aria-label="Share on Telegram"
        forwardedClass={
          Object {
            "$$typeof": Symbol(react.forward_ref),
            "attrs": Array [],
            "componentStyle": ComponentStyle {
              "componentId": "sc-bwzfXH",
              "isStatic": false,
              "lastClassName": "c0",
              "rules": Array [
                "
  text-decoration: none;
  color: #fff;
  margin: 0.5em;
  display: inline-block;

  svg {
    width: 1em;
    height: 1em;
    vertical-align: top;

    &:not(:only-child) {
      margin-right: 0.4em;
    }
  }

  ",
                [Function],
                ";

  ",
                [Function],
                ";

  ",
                [Function],
                ";
",
              ],
            },
            "displayName": "styled.a",
            "render": [Function],
            "styledComponentId": "sc-bwzfXH",
            "target": "a",
            "toString": [Function],
            "warnTooManyClasses": [Function],
            "withComponent": [Function],
          }
        }
        forwardedRef={null}
        href="https://telegram.me/share/url?text=&url=http%3A%2F%2Fsharingbuttons.io"
        rel="noreferrer noopener"
        target="_blank"
        title="Share on Telegram"
      >
        <a
          aria-label="Share on Telegram"
          className="c0"
          href="https://telegram.me/share/url?text=&url=http%3A%2F%2Fsharingbuttons.io"
          rel="noreferrer noopener"
          target="_blank"
          title="Share on Telegram"
        >
          <Styled(styled.div)
            message="I am so cool"
          >
            <StyledComponent
              forwardedClass={
                Object {
                  "$$typeof": Symbol(react.forward_ref),
                  "attrs": Array [],
                  "componentStyle": ComponentStyle {
                    "componentId": "sc-fjdhpX",
                    "isStatic": true,
                    "lastClassName": "c1",
                    "rules": Array [
                      "
  border-radius: 5px;
  transition: 25ms ease-out;
  padding: 0.5em 0.75em;
  font-family: Helvetica Neue, Helvetica, Arial, sans-serif;
",
                      "
  background-color: #1a7576;
  border-color: #1a7576;

  &:hover,
  &:active {
    background-color: #114c4c;
    border-color: #114c4c;
  }
",
                    ],
                  },
                  "displayName": "Styled(styled.div)",
                  "render": [Function],
                  "styledComponentId": "sc-fjdhpX",
                  "target": "div",
                  "toString": [Function],
                  "warnTooManyClasses": [Function],
                  "withComponent": [Function],
                }
              }
              forwardedRef={null}
              message="I am so cool"
            >
              <div
                className="c1"
              >
                <styled.div
                  aria-hidden="true"
                >
                  <StyledComponent
                    aria-hidden="true"
                    forwardedClass={
                      Object {
                        "$$typeof": Symbol(react.forward_ref),
                        "attrs": Array [],
                        "componentStyle": ComponentStyle {
                          "componentId": "sc-htpNat",
                          "isStatic": false,
                          "lastClassName": "c2",
                          "rules": Array [
                            "
  display: flex;
  align-items: center;
  fill: #fff;
  stroke: none;

  ",
                            [Function],
                            ";
",
                          ],
                        },
                        "displayName": "styled.div",
                        "render": [Function],
                        "styledComponentId": "sc-htpNat",
                        "target": "div",
                        "toString": [Function],
                        "warnTooManyClasses": [Function],
                        "withComponent": [Function],
                      }
                    }
                    forwardedRef={null}
                  >
                    <div
                      aria-hidden="true"
                      className="c2"
                    >
                      <svg
                        viewBox="0 0 24 24"
                        xmlns="http://www.w3.org/2000/svg"
                      >
                        <circle
                          cx="12"
                          cy="12"
                          r="11.5"
                        />
                        <path
                          d="M2.505 11.053c-.31.118-.505.738-.505.738s.203.62.513.737l3.636 1.355 1.417 4.557a.787.787 0 0 0 1.25.375l2.115-1.72a.29.29 0 0 1 .353-.01L15.1 19.85a.786.786 0 0 0 .746.095.786.786 0 0 0 .487-.573l2.793-13.426a.787.787 0 0 0-1.054-.893l-15.568 6z"
                        />
                      </svg>
                       
                      <span>
                        Telegram
                      </span>
                    </div>
                  </StyledComponent>
                </styled.div>
              </div>
            </StyledComponent>
          </Styled(styled.div)>
        </a>
      </StyledComponent>
    </styled.a>
  </ButtonFactory>
</Component>
`;

exports[`Telegram 6 1`] = `
.c0 {
  -webkit-text-decoration: none;
  text-decoration: none;
  color: #fff;
  margin: 0.5em;
  display: inline-block;
}

.c0 svg {
  width: 1em;
  height: 1em;
  vertical-align: top;
}

.c0 svg:not(:only-child) {
  margin-right: 0.4em;
}

.c2 {
  display: -webkit-box;
  display: -webkit-flex;
  display: -ms-flexbox;
  display: flex;
  -webkit-align-items: center;
  -webkit-box-align: center;
  -ms-flex-align: center;
  align-items: center;
  fill: #fff;
  stroke: none;
}

.c1 {
  border-radius: 5px;
  -webkit-transition: 25ms ease-out;
  transition: 25ms ease-out;
  padding: 0.5em 0.75em;
  font-family: Helvetica Neue,Helvetica,Arial,sans-serif;
  background-color: #54a9eb;
  border-color: #54a9eb;
}

.c1:hover,
.c1:active {
  background-color: #4b97d1;
  border-color: #4b97d1;
}

<Component
  circle={true}
  link="http://sharingbuttons.io"
  message="I am so cool"
  small={true}
>
  <ButtonFactory
    buttonComponent={
      Object {
        "$$typeof": Symbol(react.forward_ref),
        "attrs": Array [],
        "componentStyle": ComponentStyle {
          "componentId": "sc-fjdhpX",
          "isStatic": true,
          "lastClassName": "c1",
          "rules": Array [
            "
  border-radius: 5px;
  transition: 25ms ease-out;
  padding: 0.5em 0.75em;
  font-family: Helvetica Neue, Helvetica, Arial, sans-serif;
",
            "
  background-color: #1a7576;
  border-color: #1a7576;

  &:hover,
  &:active {
    background-color: #114c4c;
    border-color: #114c4c;
  }
",
          ],
        },
        "displayName": "Styled(styled.div)",
        "render": [Function],
        "styledComponentId": "sc-fjdhpX",
        "target": "div",
        "toString": [Function],
        "warnTooManyClasses": [Function],
        "withComponent": [Function],
      }
    }
    circle={true}
    href="https://telegram.me/share/url?text=&url=http%3A%2F%2Fsharingbuttons.io"
    iconCircle={[Function]}
    iconCircleSolid={[Function]}
    iconFill={[Function]}
    message="I am so cool"
    name="Telegram"
    small={true}
  >
    <styled.a
      aria-label="Share on Telegram"
      href="https://telegram.me/share/url?text=&url=http%3A%2F%2Fsharingbuttons.io"
      rel="noreferrer noopener"
      target="_blank"
      title="Share on Telegram"
    >
      <StyledComponent
        aria-label="Share on Telegram"
        forwardedClass={
          Object {
            "$$typeof": Symbol(react.forward_ref),
            "attrs": Array [],
            "componentStyle": ComponentStyle {
              "componentId": "sc-bwzfXH",
              "isStatic": false,
              "lastClassName": "c0",
              "rules": Array [
                "
  text-decoration: none;
  color: #fff;
  margin: 0.5em;
  display: inline-block;

  svg {
    width: 1em;
    height: 1em;
    vertical-align: top;

    &:not(:only-child) {
      margin-right: 0.4em;
    }
  }

  ",
                [Function],
                ";

  ",
                [Function],
                ";

  ",
                [Function],
                ";
",
              ],
            },
            "displayName": "styled.a",
            "render": [Function],
            "styledComponentId": "sc-bwzfXH",
            "target": "a",
            "toString": [Function],
            "warnTooManyClasses": [Function],
            "withComponent": [Function],
          }
        }
        forwardedRef={null}
        href="https://telegram.me/share/url?text=&url=http%3A%2F%2Fsharingbuttons.io"
        rel="noreferrer noopener"
        target="_blank"
        title="Share on Telegram"
      >
        <a
          aria-label="Share on Telegram"
          className="c0"
          href="https://telegram.me/share/url?text=&url=http%3A%2F%2Fsharingbuttons.io"
          rel="noreferrer noopener"
          target="_blank"
          title="Share on Telegram"
        >
          <Styled(styled.div)
            message="I am so cool"
            small={true}
          >
            <StyledComponent
              forwardedClass={
                Object {
                  "$$typeof": Symbol(react.forward_ref),
                  "attrs": Array [],
                  "componentStyle": ComponentStyle {
                    "componentId": "sc-fjdhpX",
                    "isStatic": true,
                    "lastClassName": "c1",
                    "rules": Array [
                      "
  border-radius: 5px;
  transition: 25ms ease-out;
  padding: 0.5em 0.75em;
  font-family: Helvetica Neue, Helvetica, Arial, sans-serif;
",
                      "
  background-color: #1a7576;
  border-color: #1a7576;

  &:hover,
  &:active {
    background-color: #114c4c;
    border-color: #114c4c;
  }
",
                    ],
                  },
                  "displayName": "Styled(styled.div)",
                  "render": [Function],
                  "styledComponentId": "sc-fjdhpX",
                  "target": "div",
                  "toString": [Function],
                  "warnTooManyClasses": [Function],
                  "withComponent": [Function],
                }
              }
              forwardedRef={null}
              message="I am so cool"
              small={true}
            >
              <div
                className="c1"
              >
                <styled.div
                  aria-hidden="true"
                >
                  <StyledComponent
                    aria-hidden="true"
                    forwardedClass={
                      Object {
                        "$$typeof": Symbol(react.forward_ref),
                        "attrs": Array [],
                        "componentStyle": ComponentStyle {
                          "componentId": "sc-htpNat",
                          "isStatic": false,
                          "lastClassName": "c2",
                          "rules": Array [
                            "
  display: flex;
  align-items: center;
  fill: #fff;
  stroke: none;

  ",
                            [Function],
                            ";
",
                          ],
                        },
                        "displayName": "styled.div",
                        "render": [Function],
                        "styledComponentId": "sc-htpNat",
                        "target": "div",
                        "toString": [Function],
                        "warnTooManyClasses": [Function],
                        "withComponent": [Function],
                      }
                    }
                    forwardedRef={null}
                  >
                    <div
                      aria-hidden="true"
                      className="c2"
                    >
                      <svg
                        viewBox="0 0 24 24"
                        xmlns="http://www.w3.org/2000/svg"
                      >
                        <circle
                          cx="12"
                          cy="12"
                          r="11.5"
                        />
                        <path
                          d="M2.505 11.053c-.31.118-.505.738-.505.738s.203.62.513.737l3.636 1.355 1.417 4.557a.787.787 0 0 0 1.25.375l2.115-1.72a.29.29 0 0 1 .353-.01L15.1 19.85a.786.786 0 0 0 .746.095.786.786 0 0 0 .487-.573l2.793-13.426a.787.787 0 0 0-1.054-.893l-15.568 6z"
                        />
                      </svg>
                       
                    </div>
                  </StyledComponent>
                </styled.div>
              </div>
            </StyledComponent>
          </Styled(styled.div)>
        </a>
      </StyledComponent>
    </styled.a>
  </ButtonFactory>
</Component>
`;

exports[`Telegram 7 1`] = `
.c0 {
  -webkit-text-decoration: none;
  text-decoration: none;
  color: #fff;
  margin: 0.5em;
  display: inline-block;
}

.c0 svg {
  width: 1em;
  height: 1em;
  vertical-align: top;
}

.c0 svg:not(:only-child) {
  margin-right: 0.4em;
}

.c2 {
  display: -webkit-box;
  display: -webkit-flex;
  display: -ms-flexbox;
  display: flex;
  -webkit-align-items: center;
  -webkit-box-align: center;
  -ms-flex-align: center;
  align-items: center;
  fill: #fff;
  stroke: none;
  fill: #fff;
  stroke: none;
}

.c1 {
  border-radius: 5px;
  -webkit-transition: 25ms ease-out;
  transition: 25ms ease-out;
  padding: 0.5em 0.75em;
  font-family: Helvetica Neue,Helvetica,Arial,sans-serif;
  background-color: #54a9eb;
  border-color: #54a9eb;
}

.c1:hover,
.c1:active {
  background-color: #4b97d1;
  border-color: #4b97d1;
}

<Component
  big={true}
  link="http://sharingbuttons.io"
  message="I am so cool"
  solid={true}
>
  <ButtonFactory
    big={true}
    buttonComponent={
      Object {
        "$$typeof": Symbol(react.forward_ref),
        "attrs": Array [],
        "componentStyle": ComponentStyle {
          "componentId": "sc-fjdhpX",
          "isStatic": true,
          "lastClassName": "c1",
          "rules": Array [
            "
  border-radius: 5px;
  transition: 25ms ease-out;
  padding: 0.5em 0.75em;
  font-family: Helvetica Neue, Helvetica, Arial, sans-serif;
",
            "
  background-color: #1a7576;
  border-color: #1a7576;

  &:hover,
  &:active {
    background-color: #114c4c;
    border-color: #114c4c;
  }
",
          ],
        },
        "displayName": "Styled(styled.div)",
        "render": [Function],
        "styledComponentId": "sc-fjdhpX",
        "target": "div",
        "toString": [Function],
        "warnTooManyClasses": [Function],
        "withComponent": [Function],
      }
    }
    href="https://telegram.me/share/url?text=&url=http%3A%2F%2Fsharingbuttons.io"
    iconCircle={[Function]}
    iconCircleSolid={[Function]}
    iconFill={[Function]}
    message="I am so cool"
    name="Telegram"
    solid={true}
  >
    <styled.a
      aria-label="Share on Telegram"
      href="https://telegram.me/share/url?text=&url=http%3A%2F%2Fsharingbuttons.io"
      rel="noreferrer noopener"
      target="_blank"
      title="Share on Telegram"
    >
      <StyledComponent
        aria-label="Share on Telegram"
        forwardedClass={
          Object {
            "$$typeof": Symbol(react.forward_ref),
            "attrs": Array [],
            "componentStyle": ComponentStyle {
              "componentId": "sc-bwzfXH",
              "isStatic": false,
              "lastClassName": "c0",
              "rules": Array [
                "
  text-decoration: none;
  color: #fff;
  margin: 0.5em;
  display: inline-block;

  svg {
    width: 1em;
    height: 1em;
    vertical-align: top;

    &:not(:only-child) {
      margin-right: 0.4em;
    }
  }

  ",
                [Function],
                ";

  ",
                [Function],
                ";

  ",
                [Function],
                ";
",
              ],
            },
            "displayName": "styled.a",
            "render": [Function],
            "styledComponentId": "sc-bwzfXH",
            "target": "a",
            "toString": [Function],
            "warnTooManyClasses": [Function],
            "withComponent": [Function],
          }
        }
        forwardedRef={null}
        href="https://telegram.me/share/url?text=&url=http%3A%2F%2Fsharingbuttons.io"
        rel="noreferrer noopener"
        target="_blank"
        title="Share on Telegram"
      >
        <a
          aria-label="Share on Telegram"
          className="c0"
          href="https://telegram.me/share/url?text=&url=http%3A%2F%2Fsharingbuttons.io"
          rel="noreferrer noopener"
          target="_blank"
          title="Share on Telegram"
        >
          <Styled(styled.div)
            message="I am so cool"
          >
            <StyledComponent
              forwardedClass={
                Object {
                  "$$typeof": Symbol(react.forward_ref),
                  "attrs": Array [],
                  "componentStyle": ComponentStyle {
                    "componentId": "sc-fjdhpX",
                    "isStatic": true,
                    "lastClassName": "c1",
                    "rules": Array [
                      "
  border-radius: 5px;
  transition: 25ms ease-out;
  padding: 0.5em 0.75em;
  font-family: Helvetica Neue, Helvetica, Arial, sans-serif;
",
                      "
  background-color: #1a7576;
  border-color: #1a7576;

  &:hover,
  &:active {
    background-color: #114c4c;
    border-color: #114c4c;
  }
",
                    ],
                  },
                  "displayName": "Styled(styled.div)",
                  "render": [Function],
                  "styledComponentId": "sc-fjdhpX",
                  "target": "div",
                  "toString": [Function],
                  "warnTooManyClasses": [Function],
                  "withComponent": [Function],
                }
              }
              forwardedRef={null}
              message="I am so cool"
            >
              <div
                className="c1"
              >
                <styled.div
                  aria-hidden="true"
                  solid={true}
                >
                  <StyledComponent
                    aria-hidden="true"
                    forwardedClass={
                      Object {
                        "$$typeof": Symbol(react.forward_ref),
                        "attrs": Array [],
                        "componentStyle": ComponentStyle {
                          "componentId": "sc-htpNat",
                          "isStatic": false,
                          "lastClassName": "c2",
                          "rules": Array [
                            "
  display: flex;
  align-items: center;
  fill: #fff;
  stroke: none;

  ",
                            [Function],
                            ";
",
                          ],
                        },
                        "displayName": "styled.div",
                        "render": [Function],
                        "styledComponentId": "sc-htpNat",
                        "target": "div",
                        "toString": [Function],
                        "warnTooManyClasses": [Function],
                        "withComponent": [Function],
                      }
                    }
                    forwardedRef={null}
                    solid={true}
                  >
                    <div
                      aria-hidden="true"
                      className="c2"
                    >
                      <svg
                        viewBox="0 0 24 24"
                        xmlns="http://www.w3.org/2000/svg"
                      >
                        <path
                          d="M.707 8.475C.275 8.64 0 9.508 0 9.508s.284.867.718 1.03l5.09 1.897 1.986 6.38a1.102 1.102 0 0 0 1.75.527l2.96-2.41a.405.405 0 0 1 .494-.013l5.34 3.87a1.1 1.1 0 0 0 1.046.135 1.1 1.1 0 0 0 .682-.803l3.91-18.795A1.102 1.102 0 0 0 22.5.075L.706 8.475z"
                        />
                      </svg>
                       
                      <span>
                        Share on Telegram
                      </span>
                    </div>
                  </StyledComponent>
                </styled.div>
              </div>
            </StyledComponent>
          </Styled(styled.div)>
        </a>
      </StyledComponent>
    </styled.a>
  </ButtonFactory>
</Component>
`;

exports[`Telegram 8 1`] = `
.c0 {
  -webkit-text-decoration: none;
  text-decoration: none;
  color: #fff;
  margin: 0.5em;
  display: inline-block;
}

.c0 svg {
  width: 1em;
  height: 1em;
  vertical-align: top;
}

.c0 svg:not(:only-child) {
  margin-right: 0.4em;
}

.c2 {
  display: -webkit-box;
  display: -webkit-flex;
  display: -ms-flexbox;
  display: flex;
  -webkit-align-items: center;
  -webkit-box-align: center;
  -ms-flex-align: center;
  align-items: center;
  fill: #fff;
  stroke: none;
  fill: #fff;
  stroke: none;
}

.c1 {
  border-radius: 5px;
  -webkit-transition: 25ms ease-out;
  transition: 25ms ease-out;
  padding: 0.5em 0.75em;
  font-family: Helvetica Neue,Helvetica,Arial,sans-serif;
  background-color: #54a9eb;
  border-color: #54a9eb;
}

.c1:hover,
.c1:active {
  background-color: #4b97d1;
  border-color: #4b97d1;
}

<Component
  link="http://sharingbuttons.io"
  medium={true}
  message="I am so cool"
  solid={true}
>
  <ButtonFactory
    buttonComponent={
      Object {
        "$$typeof": Symbol(react.forward_ref),
        "attrs": Array [],
        "componentStyle": ComponentStyle {
          "componentId": "sc-fjdhpX",
          "isStatic": true,
          "lastClassName": "c1",
          "rules": Array [
            "
  border-radius: 5px;
  transition: 25ms ease-out;
  padding: 0.5em 0.75em;
  font-family: Helvetica Neue, Helvetica, Arial, sans-serif;
",
            "
  background-color: #1a7576;
  border-color: #1a7576;

  &:hover,
  &:active {
    background-color: #114c4c;
    border-color: #114c4c;
  }
",
          ],
        },
        "displayName": "Styled(styled.div)",
        "render": [Function],
        "styledComponentId": "sc-fjdhpX",
        "target": "div",
        "toString": [Function],
        "warnTooManyClasses": [Function],
        "withComponent": [Function],
      }
    }
    href="https://telegram.me/share/url?text=&url=http%3A%2F%2Fsharingbuttons.io"
    iconCircle={[Function]}
    iconCircleSolid={[Function]}
    iconFill={[Function]}
    medium={true}
    message="I am so cool"
    name="Telegram"
    solid={true}
  >
    <styled.a
      aria-label="Share on Telegram"
      href="https://telegram.me/share/url?text=&url=http%3A%2F%2Fsharingbuttons.io"
      rel="noreferrer noopener"
      target="_blank"
      title="Share on Telegram"
    >
      <StyledComponent
        aria-label="Share on Telegram"
        forwardedClass={
          Object {
            "$$typeof": Symbol(react.forward_ref),
            "attrs": Array [],
            "componentStyle": ComponentStyle {
              "componentId": "sc-bwzfXH",
              "isStatic": false,
              "lastClassName": "c0",
              "rules": Array [
                "
  text-decoration: none;
  color: #fff;
  margin: 0.5em;
  display: inline-block;

  svg {
    width: 1em;
    height: 1em;
    vertical-align: top;

    &:not(:only-child) {
      margin-right: 0.4em;
    }
  }

  ",
                [Function],
                ";

  ",
                [Function],
                ";

  ",
                [Function],
                ";
",
              ],
            },
            "displayName": "styled.a",
            "render": [Function],
            "styledComponentId": "sc-bwzfXH",
            "target": "a",
            "toString": [Function],
            "warnTooManyClasses": [Function],
            "withComponent": [Function],
          }
        }
        forwardedRef={null}
        href="https://telegram.me/share/url?text=&url=http%3A%2F%2Fsharingbuttons.io"
        rel="noreferrer noopener"
        target="_blank"
        title="Share on Telegram"
      >
        <a
          aria-label="Share on Telegram"
          className="c0"
          href="https://telegram.me/share/url?text=&url=http%3A%2F%2Fsharingbuttons.io"
          rel="noreferrer noopener"
          target="_blank"
          title="Share on Telegram"
        >
          <Styled(styled.div)
            message="I am so cool"
          >
            <StyledComponent
              forwardedClass={
                Object {
                  "$$typeof": Symbol(react.forward_ref),
                  "attrs": Array [],
                  "componentStyle": ComponentStyle {
                    "componentId": "sc-fjdhpX",
                    "isStatic": true,
                    "lastClassName": "c1",
                    "rules": Array [
                      "
  border-radius: 5px;
  transition: 25ms ease-out;
  padding: 0.5em 0.75em;
  font-family: Helvetica Neue, Helvetica, Arial, sans-serif;
",
                      "
  background-color: #1a7576;
  border-color: #1a7576;

  &:hover,
  &:active {
    background-color: #114c4c;
    border-color: #114c4c;
  }
",
                    ],
                  },
                  "displayName": "Styled(styled.div)",
                  "render": [Function],
                  "styledComponentId": "sc-fjdhpX",
                  "target": "div",
                  "toString": [Function],
                  "warnTooManyClasses": [Function],
                  "withComponent": [Function],
                }
              }
              forwardedRef={null}
              message="I am so cool"
            >
              <div
                className="c1"
              >
                <styled.div
                  aria-hidden="true"
                  solid={true}
                >
                  <StyledComponent
                    aria-hidden="true"
                    forwardedClass={
                      Object {
                        "$$typeof": Symbol(react.forward_ref),
                        "attrs": Array [],
                        "componentStyle": ComponentStyle {
                          "componentId": "sc-htpNat",
                          "isStatic": false,
                          "lastClassName": "c2",
                          "rules": Array [
                            "
  display: flex;
  align-items: center;
  fill: #fff;
  stroke: none;

  ",
                            [Function],
                            ";
",
                          ],
                        },
                        "displayName": "styled.div",
                        "render": [Function],
                        "styledComponentId": "sc-htpNat",
                        "target": "div",
                        "toString": [Function],
                        "warnTooManyClasses": [Function],
                        "withComponent": [Function],
                      }
                    }
                    forwardedRef={null}
                    solid={true}
                  >
                    <div
                      aria-hidden="true"
                      className="c2"
                    >
                      <svg
                        viewBox="0 0 24 24"
                        xmlns="http://www.w3.org/2000/svg"
                      >
                        <path
                          d="M.707 8.475C.275 8.64 0 9.508 0 9.508s.284.867.718 1.03l5.09 1.897 1.986 6.38a1.102 1.102 0 0 0 1.75.527l2.96-2.41a.405.405 0 0 1 .494-.013l5.34 3.87a1.1 1.1 0 0 0 1.046.135 1.1 1.1 0 0 0 .682-.803l3.91-18.795A1.102 1.102 0 0 0 22.5.075L.706 8.475z"
                        />
                      </svg>
                       
                      <span>
                        Telegram
                      </span>
                    </div>
                  </StyledComponent>
                </styled.div>
              </div>
            </StyledComponent>
          </Styled(styled.div)>
        </a>
      </StyledComponent>
    </styled.a>
  </ButtonFactory>
</Component>
`;

exports[`Telegram 9 1`] = `
.c0 {
  -webkit-text-decoration: none;
  text-decoration: none;
  color: #fff;
  margin: 0.5em;
  display: inline-block;
}

.c0 svg {
  width: 1em;
  height: 1em;
  vertical-align: top;
}

.c0 svg:not(:only-child) {
  margin-right: 0.4em;
}

.c2 {
  display: -webkit-box;
  display: -webkit-flex;
  display: -ms-flexbox;
  display: flex;
  -webkit-align-items: center;
  -webkit-box-align: center;
  -ms-flex-align: center;
  align-items: center;
  fill: #fff;
  stroke: none;
  fill: #fff;
  stroke: none;
}

.c1 {
  border-radius: 5px;
  -webkit-transition: 25ms ease-out;
  transition: 25ms ease-out;
  padding: 0.5em 0.75em;
  font-family: Helvetica Neue,Helvetica,Arial,sans-serif;
  background-color: #54a9eb;
  border-color: #54a9eb;
}

.c1:hover,
.c1:active {
  background-color: #4b97d1;
  border-color: #4b97d1;
}

<Component
  link="http://sharingbuttons.io"
  message="I am so cool"
  small={true}
  solid={true}
>
  <ButtonFactory
    buttonComponent={
      Object {
        "$$typeof": Symbol(react.forward_ref),
        "attrs": Array [],
        "componentStyle": ComponentStyle {
          "componentId": "sc-fjdhpX",
          "isStatic": true,
          "lastClassName": "c1",
          "rules": Array [
            "
  border-radius: 5px;
  transition: 25ms ease-out;
  padding: 0.5em 0.75em;
  font-family: Helvetica Neue, Helvetica, Arial, sans-serif;
",
            "
  background-color: #1a7576;
  border-color: #1a7576;

  &:hover,
  &:active {
    background-color: #114c4c;
    border-color: #114c4c;
  }
",
          ],
        },
        "displayName": "Styled(styled.div)",
        "render": [Function],
        "styledComponentId": "sc-fjdhpX",
        "target": "div",
        "toString": [Function],
        "warnTooManyClasses": [Function],
        "withComponent": [Function],
      }
    }
    href="https://telegram.me/share/url?text=&url=http%3A%2F%2Fsharingbuttons.io"
    iconCircle={[Function]}
    iconCircleSolid={[Function]}
    iconFill={[Function]}
    message="I am so cool"
    name="Telegram"
    small={true}
    solid={true}
  >
    <styled.a
      aria-label="Share on Telegram"
      href="https://telegram.me/share/url?text=&url=http%3A%2F%2Fsharingbuttons.io"
      rel="noreferrer noopener"
      target="_blank"
      title="Share on Telegram"
    >
      <StyledComponent
        aria-label="Share on Telegram"
        forwardedClass={
          Object {
            "$$typeof": Symbol(react.forward_ref),
            "attrs": Array [],
            "componentStyle": ComponentStyle {
              "componentId": "sc-bwzfXH",
              "isStatic": false,
              "lastClassName": "c0",
              "rules": Array [
                "
  text-decoration: none;
  color: #fff;
  margin: 0.5em;
  display: inline-block;

  svg {
    width: 1em;
    height: 1em;
    vertical-align: top;

    &:not(:only-child) {
      margin-right: 0.4em;
    }
  }

  ",
                [Function],
                ";

  ",
                [Function],
                ";

  ",
                [Function],
                ";
",
              ],
            },
            "displayName": "styled.a",
            "render": [Function],
            "styledComponentId": "sc-bwzfXH",
            "target": "a",
            "toString": [Function],
            "warnTooManyClasses": [Function],
            "withComponent": [Function],
          }
        }
        forwardedRef={null}
        href="https://telegram.me/share/url?text=&url=http%3A%2F%2Fsharingbuttons.io"
        rel="noreferrer noopener"
        target="_blank"
        title="Share on Telegram"
      >
        <a
          aria-label="Share on Telegram"
          className="c0"
          href="https://telegram.me/share/url?text=&url=http%3A%2F%2Fsharingbuttons.io"
          rel="noreferrer noopener"
          target="_blank"
          title="Share on Telegram"
        >
          <Styled(styled.div)
            message="I am so cool"
            small={true}
          >
            <StyledComponent
              forwardedClass={
                Object {
                  "$$typeof": Symbol(react.forward_ref),
                  "attrs": Array [],
                  "componentStyle": ComponentStyle {
                    "componentId": "sc-fjdhpX",
                    "isStatic": true,
                    "lastClassName": "c1",
                    "rules": Array [
                      "
  border-radius: 5px;
  transition: 25ms ease-out;
  padding: 0.5em 0.75em;
  font-family: Helvetica Neue, Helvetica, Arial, sans-serif;
",
                      "
  background-color: #1a7576;
  border-color: #1a7576;

  &:hover,
  &:active {
    background-color: #114c4c;
    border-color: #114c4c;
  }
",
                    ],
                  },
                  "displayName": "Styled(styled.div)",
                  "render": [Function],
                  "styledComponentId": "sc-fjdhpX",
                  "target": "div",
                  "toString": [Function],
                  "warnTooManyClasses": [Function],
                  "withComponent": [Function],
                }
              }
              forwardedRef={null}
              message="I am so cool"
              small={true}
            >
              <div
                className="c1"
              >
                <styled.div
                  aria-hidden="true"
                  solid={true}
                >
                  <StyledComponent
                    aria-hidden="true"
                    forwardedClass={
                      Object {
                        "$$typeof": Symbol(react.forward_ref),
                        "attrs": Array [],
                        "componentStyle": ComponentStyle {
                          "componentId": "sc-htpNat",
                          "isStatic": false,
                          "lastClassName": "c2",
                          "rules": Array [
                            "
  display: flex;
  align-items: center;
  fill: #fff;
  stroke: none;

  ",
                            [Function],
                            ";
",
                          ],
                        },
                        "displayName": "styled.div",
                        "render": [Function],
                        "styledComponentId": "sc-htpNat",
                        "target": "div",
                        "toString": [Function],
                        "warnTooManyClasses": [Function],
                        "withComponent": [Function],
                      }
                    }
                    forwardedRef={null}
                    solid={true}
                  >
                    <div
                      aria-hidden="true"
                      className="c2"
                    >
                      <svg
                        viewBox="0 0 24 24"
                        xmlns="http://www.w3.org/2000/svg"
                      >
                        <path
                          d="M.707 8.475C.275 8.64 0 9.508 0 9.508s.284.867.718 1.03l5.09 1.897 1.986 6.38a1.102 1.102 0 0 0 1.75.527l2.96-2.41a.405.405 0 0 1 .494-.013l5.34 3.87a1.1 1.1 0 0 0 1.046.135 1.1 1.1 0 0 0 .682-.803l3.91-18.795A1.102 1.102 0 0 0 22.5.075L.706 8.475z"
                        />
                      </svg>
                       
                    </div>
                  </StyledComponent>
                </styled.div>
              </div>
            </StyledComponent>
          </Styled(styled.div)>
        </a>
      </StyledComponent>
    </styled.a>
  </ButtonFactory>
</Component>
`;

exports[`Telegram 11 1`] = `
.c0 {
  -webkit-text-decoration: none;
  text-decoration: none;
  color: #fff;
  margin: 0.5em;
  display: inline-block;
}

.c0 svg {
  width: 1em;
  height: 1em;
  vertical-align: top;
}

.c0 svg:not(:only-child) {
  margin-right: 0.4em;
}

.c2 {
  display: -webkit-box;
  display: -webkit-flex;
  display: -ms-flexbox;
  display: flex;
  -webkit-align-items: center;
  -webkit-box-align: center;
  -ms-flex-align: center;
  align-items: center;
  fill: #fff;
  stroke: none;
}

.c1 {
  border-radius: 5px;
  -webkit-transition: 25ms ease-out;
  transition: 25ms ease-out;
  padding: 0.5em 0.75em;
  font-family: Helvetica Neue,Helvetica,Arial,sans-serif;
  background-color: #54a9eb;
  border-color: #54a9eb;
}

.c1:hover,
.c1:active {
  background-color: #4b97d1;
  border-color: #4b97d1;
}

<Component
  circle={true}
>
  <ButtonFactory
    buttonComponent={
      Object {
        "$$typeof": Symbol(react.forward_ref),
        "attrs": Array [],
        "componentStyle": ComponentStyle {
          "componentId": "sc-fjdhpX",
          "isStatic": true,
          "lastClassName": "c1",
          "rules": Array [
            "
  border-radius: 5px;
  transition: 25ms ease-out;
  padding: 0.5em 0.75em;
  font-family: Helvetica Neue, Helvetica, Arial, sans-serif;
",
            "
  background-color: #1a7576;
  border-color: #1a7576;

  &:hover,
  &:active {
    background-color: #114c4c;
    border-color: #114c4c;
  }
",
          ],
        },
        "displayName": "Styled(styled.div)",
        "render": [Function],
        "styledComponentId": "sc-fjdhpX",
        "target": "div",
        "toString": [Function],
        "warnTooManyClasses": [Function],
        "withComponent": [Function],
      }
    }
    circle={true}
    href="https://telegram.me/share/url?text=&url="
    iconCircle={[Function]}
    iconCircleSolid={[Function]}
    iconFill={[Function]}
    name="Telegram"
  >
    <styled.a
      aria-label="Share on Telegram"
      href="https://telegram.me/share/url?text=&url="
      rel="noreferrer noopener"
      target="_blank"
      title="Share on Telegram"
    >
      <StyledComponent
        aria-label="Share on Telegram"
        forwardedClass={
          Object {
            "$$typeof": Symbol(react.forward_ref),
            "attrs": Array [],
            "componentStyle": ComponentStyle {
              "componentId": "sc-bwzfXH",
              "isStatic": false,
              "lastClassName": "c0",
              "rules": Array [
                "
  text-decoration: none;
  color: #fff;
  margin: 0.5em;
  display: inline-block;

  svg {
    width: 1em;
    height: 1em;
    vertical-align: top;

    &:not(:only-child) {
      margin-right: 0.4em;
    }
  }

  ",
                [Function],
                ";

  ",
                [Function],
                ";

  ",
                [Function],
                ";
",
              ],
            },
            "displayName": "styled.a",
            "render": [Function],
            "styledComponentId": "sc-bwzfXH",
            "target": "a",
            "toString": [Function],
            "warnTooManyClasses": [Function],
            "withComponent": [Function],
          }
        }
        forwardedRef={null}
        href="https://telegram.me/share/url?text=&url="
        rel="noreferrer noopener"
        target="_blank"
        title="Share on Telegram"
      >
        <a
          aria-label="Share on Telegram"
          className="c0"
          href="https://telegram.me/share/url?text=&url="
          rel="noreferrer noopener"
          target="_blank"
          title="Share on Telegram"
        >
          <Styled(styled.div)>
            <StyledComponent
              forwardedClass={
                Object {
                  "$$typeof": Symbol(react.forward_ref),
                  "attrs": Array [],
                  "componentStyle": ComponentStyle {
                    "componentId": "sc-fjdhpX",
                    "isStatic": true,
                    "lastClassName": "c1",
                    "rules": Array [
                      "
  border-radius: 5px;
  transition: 25ms ease-out;
  padding: 0.5em 0.75em;
  font-family: Helvetica Neue, Helvetica, Arial, sans-serif;
",
                      "
  background-color: #1a7576;
  border-color: #1a7576;

  &:hover,
  &:active {
    background-color: #114c4c;
    border-color: #114c4c;
  }
",
                    ],
                  },
                  "displayName": "Styled(styled.div)",
                  "render": [Function],
                  "styledComponentId": "sc-fjdhpX",
                  "target": "div",
                  "toString": [Function],
                  "warnTooManyClasses": [Function],
                  "withComponent": [Function],
                }
              }
              forwardedRef={null}
            >
              <div
                className="c1"
              >
                <styled.div
                  aria-hidden="true"
                >
                  <StyledComponent
                    aria-hidden="true"
                    forwardedClass={
                      Object {
                        "$$typeof": Symbol(react.forward_ref),
                        "attrs": Array [],
                        "componentStyle": ComponentStyle {
                          "componentId": "sc-htpNat",
                          "isStatic": false,
                          "lastClassName": "c2",
                          "rules": Array [
                            "
  display: flex;
  align-items: center;
  fill: #fff;
  stroke: none;

  ",
                            [Function],
                            ";
",
                          ],
                        },
                        "displayName": "styled.div",
                        "render": [Function],
                        "styledComponentId": "sc-htpNat",
                        "target": "div",
                        "toString": [Function],
                        "warnTooManyClasses": [Function],
                        "withComponent": [Function],
                      }
                    }
                    forwardedRef={null}
                  >
                    <div
                      aria-hidden="true"
                      className="c2"
                    >
                      <svg
                        viewBox="0 0 24 24"
                        xmlns="http://www.w3.org/2000/svg"
                      >
                        <circle
                          cx="12"
                          cy="12"
                          r="11.5"
                        />
                        <path
                          d="M2.505 11.053c-.31.118-.505.738-.505.738s.203.62.513.737l3.636 1.355 1.417 4.557a.787.787 0 0 0 1.25.375l2.115-1.72a.29.29 0 0 1 .353-.01L15.1 19.85a.786.786 0 0 0 .746.095.786.786 0 0 0 .487-.573l2.793-13.426a.787.787 0 0 0-1.054-.893l-15.568 6z"
                        />
                      </svg>
                       
                      <span>
                        Telegram
                      </span>
                    </div>
                  </StyledComponent>
                </styled.div>
              </div>
            </StyledComponent>
          </Styled(styled.div)>
        </a>
      </StyledComponent>
    </styled.a>
  </ButtonFactory>
</Component>
`;

exports[`Telegram 11 2`] = `
.c0 {
  -webkit-text-decoration: none;
  text-decoration: none;
  color: #fff;
  margin: 0.5em;
  display: inline-block;
}

.c0 svg {
  width: 1em;
  height: 1em;
  vertical-align: top;
}

.c0 svg:not(:only-child) {
  margin-right: 0.4em;
}

.c2 {
  display: -webkit-box;
  display: -webkit-flex;
  display: -ms-flexbox;
  display: flex;
  -webkit-align-items: center;
  -webkit-box-align: center;
  -ms-flex-align: center;
  align-items: center;
  fill: #fff;
  stroke: none;
  fill: #fff;
  stroke: none;
}

.c1 {
  border-radius: 5px;
  -webkit-transition: 25ms ease-out;
  transition: 25ms ease-out;
  padding: 0.5em 0.75em;
  font-family: Helvetica Neue,Helvetica,Arial,sans-serif;
  background-color: #54a9eb;
  border-color: #54a9eb;
}

.c1:hover,
.c1:active {
  background-color: #4b97d1;
  border-color: #4b97d1;
}

<Component
  solidcircle={true}
>
  <ButtonFactory
    buttonComponent={
      Object {
        "$$typeof": Symbol(react.forward_ref),
        "attrs": Array [],
        "componentStyle": ComponentStyle {
          "componentId": "sc-fjdhpX",
          "isStatic": true,
          "lastClassName": "c1",
          "rules": Array [
            "
  border-radius: 5px;
  transition: 25ms ease-out;
  padding: 0.5em 0.75em;
  font-family: Helvetica Neue, Helvetica, Arial, sans-serif;
",
            "
  background-color: #1a7576;
  border-color: #1a7576;

  &:hover,
  &:active {
    background-color: #114c4c;
    border-color: #114c4c;
  }
",
          ],
        },
        "displayName": "Styled(styled.div)",
        "render": [Function],
        "styledComponentId": "sc-fjdhpX",
        "target": "div",
        "toString": [Function],
        "warnTooManyClasses": [Function],
        "withComponent": [Function],
      }
    }
    href="https://telegram.me/share/url?text=&url="
    iconCircle={[Function]}
    iconCircleSolid={[Function]}
    iconFill={[Function]}
    name="Telegram"
    solidcircle={true}
  >
    <styled.a
      aria-label="Share on Telegram"
      href="https://telegram.me/share/url?text=&url="
      rel="noreferrer noopener"
      target="_blank"
      title="Share on Telegram"
    >
      <StyledComponent
        aria-label="Share on Telegram"
        forwardedClass={
          Object {
            "$$typeof": Symbol(react.forward_ref),
            "attrs": Array [],
            "componentStyle": ComponentStyle {
              "componentId": "sc-bwzfXH",
              "isStatic": false,
              "lastClassName": "c0",
              "rules": Array [
                "
  text-decoration: none;
  color: #fff;
  margin: 0.5em;
  display: inline-block;

  svg {
    width: 1em;
    height: 1em;
    vertical-align: top;

    &:not(:only-child) {
      margin-right: 0.4em;
    }
  }

  ",
                [Function],
                ";

  ",
                [Function],
                ";

  ",
                [Function],
                ";
",
              ],
            },
            "displayName": "styled.a",
            "render": [Function],
            "styledComponentId": "sc-bwzfXH",
            "target": "a",
            "toString": [Function],
            "warnTooManyClasses": [Function],
            "withComponent": [Function],
          }
        }
        forwardedRef={null}
        href="https://telegram.me/share/url?text=&url="
        rel="noreferrer noopener"
        target="_blank"
        title="Share on Telegram"
      >
        <a
          aria-label="Share on Telegram"
          className="c0"
          href="https://telegram.me/share/url?text=&url="
          rel="noreferrer noopener"
          target="_blank"
          title="Share on Telegram"
        >
          <Styled(styled.div)
            solidcircle={true}
          >
            <StyledComponent
              forwardedClass={
                Object {
                  "$$typeof": Symbol(react.forward_ref),
                  "attrs": Array [],
                  "componentStyle": ComponentStyle {
                    "componentId": "sc-fjdhpX",
                    "isStatic": true,
                    "lastClassName": "c1",
                    "rules": Array [
                      "
  border-radius: 5px;
  transition: 25ms ease-out;
  padding: 0.5em 0.75em;
  font-family: Helvetica Neue, Helvetica, Arial, sans-serif;
",
                      "
  background-color: #1a7576;
  border-color: #1a7576;

  &:hover,
  &:active {
    background-color: #114c4c;
    border-color: #114c4c;
  }
",
                    ],
                  },
                  "displayName": "Styled(styled.div)",
                  "render": [Function],
                  "styledComponentId": "sc-fjdhpX",
                  "target": "div",
                  "toString": [Function],
                  "warnTooManyClasses": [Function],
                  "withComponent": [Function],
                }
              }
              forwardedRef={null}
              solidcircle={true}
            >
              <div
                className="c1"
              >
                <styled.div
                  aria-hidden="true"
                  solidcircle={true}
                >
                  <StyledComponent
                    aria-hidden="true"
                    forwardedClass={
                      Object {
                        "$$typeof": Symbol(react.forward_ref),
                        "attrs": Array [],
                        "componentStyle": ComponentStyle {
                          "componentId": "sc-htpNat",
                          "isStatic": false,
                          "lastClassName": "c2",
                          "rules": Array [
                            "
  display: flex;
  align-items: center;
  fill: #fff;
  stroke: none;

  ",
                            [Function],
                            ";
",
                          ],
                        },
                        "displayName": "styled.div",
                        "render": [Function],
                        "styledComponentId": "sc-htpNat",
                        "target": "div",
                        "toString": [Function],
                        "warnTooManyClasses": [Function],
                        "withComponent": [Function],
                      }
                    }
                    forwardedRef={null}
                    solidcircle={true}
                  >
                    <div
                      aria-hidden="true"
                      className="c2"
                    >
                      <svg
                        viewBox="0 0 24 24"
                        xmlns="http://www.w3.org/2000/svg"
                      >
                        <path
                          d="M12 23.5c6.35 0 11.5-5.15 11.5-11.5S18.35.5 12 .5.5 5.65.5 12 5.65 23.5 12 23.5zM2.505 11.053c-.31.118-.505.738-.505.738s.203.62.513.737l3.636 1.355 1.417 4.557a.787.787 0 0 0 1.25.375l2.115-1.72a.29.29 0 0 1 .353-.01L15.1 19.85a.786.786 0 0 0 .746.095.786.786 0 0 0 .487-.573l2.793-13.426a.787.787 0 0 0-1.054-.893l-15.568 6z"
                          fillRule="evenodd"
                        />
                      </svg>
                       
                      <span>
                        Telegram
                      </span>
                    </div>
                  </StyledComponent>
                </styled.div>
              </div>
            </StyledComponent>
          </Styled(styled.div)>
        </a>
      </StyledComponent>
    </styled.a>
  </ButtonFactory>
</Component>
`;

exports[`Telegram 12 1`] = `
.c0 {
  -webkit-text-decoration: none;
  text-decoration: none;
  color: #fff;
  margin: 0.5em;
  display: inline-block;
}

.c0 svg {
  width: 1em;
  height: 1em;
  vertical-align: top;
}

.c0 svg:not(:only-child) {
  margin-right: 0.4em;
}

.c2 {
  display: -webkit-box;
  display: -webkit-flex;
  display: -ms-flexbox;
  display: flex;
  -webkit-align-items: center;
  -webkit-box-align: center;
  -ms-flex-align: center;
  align-items: center;
  fill: #fff;
  stroke: none;
  fill: #fff;
  stroke: none;
}

.c1 {
  border-radius: 5px;
  -webkit-transition: 25ms ease-out;
  transition: 25ms ease-out;
  padding: 0.5em 0.75em;
  font-family: Helvetica Neue,Helvetica,Arial,sans-serif;
  background-color: #54a9eb;
  border-color: #54a9eb;
}

.c1:hover,
.c1:active {
  background-color: #4b97d1;
  border-color: #4b97d1;
}

<Component>
  <ButtonFactory
    buttonComponent={
      Object {
        "$$typeof": Symbol(react.forward_ref),
        "attrs": Array [],
        "componentStyle": ComponentStyle {
          "componentId": "sc-fjdhpX",
          "isStatic": true,
          "lastClassName": "c1",
          "rules": Array [
            "
  border-radius: 5px;
  transition: 25ms ease-out;
  padding: 0.5em 0.75em;
  font-family: Helvetica Neue, Helvetica, Arial, sans-serif;
",
            "
  background-color: #1a7576;
  border-color: #1a7576;

  &:hover,
  &:active {
    background-color: #114c4c;
    border-color: #114c4c;
  }
",
          ],
        },
        "displayName": "Styled(styled.div)",
        "render": [Function],
        "styledComponentId": "sc-fjdhpX",
        "target": "div",
        "toString": [Function],
        "warnTooManyClasses": [Function],
        "withComponent": [Function],
      }
    }
    href="https://telegram.me/share/url?text=&url="
    iconCircle={[Function]}
    iconCircleSolid={[Function]}
    iconFill={[Function]}
    name="Telegram"
  >
    <styled.a
      aria-label="Share on Telegram"
      href="https://telegram.me/share/url?text=&url="
      rel="noreferrer noopener"
      target="_blank"
      title="Share on Telegram"
    >
      <StyledComponent
        aria-label="Share on Telegram"
        forwardedClass={
          Object {
            "$$typeof": Symbol(react.forward_ref),
            "attrs": Array [],
            "componentStyle": ComponentStyle {
              "componentId": "sc-bwzfXH",
              "isStatic": false,
              "lastClassName": "c0",
              "rules": Array [
                "
  text-decoration: none;
  color: #fff;
  margin: 0.5em;
  display: inline-block;

  svg {
    width: 1em;
    height: 1em;
    vertical-align: top;

    &:not(:only-child) {
      margin-right: 0.4em;
    }
  }

  ",
                [Function],
                ";

  ",
                [Function],
                ";

  ",
                [Function],
                ";
",
              ],
            },
            "displayName": "styled.a",
            "render": [Function],
            "styledComponentId": "sc-bwzfXH",
            "target": "a",
            "toString": [Function],
            "warnTooManyClasses": [Function],
            "withComponent": [Function],
          }
        }
        forwardedRef={null}
        href="https://telegram.me/share/url?text=&url="
        rel="noreferrer noopener"
        target="_blank"
        title="Share on Telegram"
      >
        <a
          aria-label="Share on Telegram"
          className="c0"
          href="https://telegram.me/share/url?text=&url="
          rel="noreferrer noopener"
          target="_blank"
          title="Share on Telegram"
        >
          <Styled(styled.div)>
            <StyledComponent
              forwardedClass={
                Object {
                  "$$typeof": Symbol(react.forward_ref),
                  "attrs": Array [],
                  "componentStyle": ComponentStyle {
                    "componentId": "sc-fjdhpX",
                    "isStatic": true,
                    "lastClassName": "c1",
                    "rules": Array [
                      "
  border-radius: 5px;
  transition: 25ms ease-out;
  padding: 0.5em 0.75em;
  font-family: Helvetica Neue, Helvetica, Arial, sans-serif;
",
                      "
  background-color: #1a7576;
  border-color: #1a7576;

  &:hover,
  &:active {
    background-color: #114c4c;
    border-color: #114c4c;
  }
",
                    ],
                  },
                  "displayName": "Styled(styled.div)",
                  "render": [Function],
                  "styledComponentId": "sc-fjdhpX",
                  "target": "div",
                  "toString": [Function],
                  "warnTooManyClasses": [Function],
                  "withComponent": [Function],
                }
              }
              forwardedRef={null}
            >
              <div
                className="c1"
              >
                <styled.div
                  aria-hidden="true"
                  solid={true}
                >
                  <StyledComponent
                    aria-hidden="true"
                    forwardedClass={
                      Object {
                        "$$typeof": Symbol(react.forward_ref),
                        "attrs": Array [],
                        "componentStyle": ComponentStyle {
                          "componentId": "sc-htpNat",
                          "isStatic": false,
                          "lastClassName": "c2",
                          "rules": Array [
                            "
  display: flex;
  align-items: center;
  fill: #fff;
  stroke: none;

  ",
                            [Function],
                            ";
",
                          ],
                        },
                        "displayName": "styled.div",
                        "render": [Function],
                        "styledComponentId": "sc-htpNat",
                        "target": "div",
                        "toString": [Function],
                        "warnTooManyClasses": [Function],
                        "withComponent": [Function],
                      }
                    }
                    forwardedRef={null}
                    solid={true}
                  >
                    <div
                      aria-hidden="true"
                      className="c2"
                    >
                      <svg
                        viewBox="0 0 24 24"
                        xmlns="http://www.w3.org/2000/svg"
                      >
                        <path
                          d="M.707 8.475C.275 8.64 0 9.508 0 9.508s.284.867.718 1.03l5.09 1.897 1.986 6.38a1.102 1.102 0 0 0 1.75.527l2.96-2.41a.405.405 0 0 1 .494-.013l5.34 3.87a1.1 1.1 0 0 0 1.046.135 1.1 1.1 0 0 0 .682-.803l3.91-18.795A1.102 1.102 0 0 0 22.5.075L.706 8.475z"
                        />
                      </svg>
                       
                      <span>
                        Telegram
                      </span>
                    </div>
                  </StyledComponent>
                </styled.div>
              </div>
            </StyledComponent>
          </Styled(styled.div)>
        </a>
      </StyledComponent>
    </styled.a>
  </ButtonFactory>
</Component>
`;

exports[`Telegram 13 1`] = `
.c0 {
  -webkit-text-decoration: none;
  text-decoration: none;
  color: #fff;
  margin: 0.5em;
  display: inline-block;
}

.c0 svg {
  width: 1em;
  height: 1em;
  vertical-align: top;
}

.c0 svg:not(:only-child) {
  margin-right: 0.4em;
}

.c0 svg {
  stroke: #232323;
  fill: none;
}

<Component
  simple={true}
>
  <ButtonFactory
    buttonComponent={
      Object {
        "$$typeof": Symbol(react.forward_ref),
        "attrs": Array [],
        "componentStyle": ComponentStyle {
          "componentId": "sc-fjdhpX",
          "isStatic": true,
          "lastClassName": "gErvTJ",
          "rules": Array [
            "
  border-radius: 5px;
  transition: 25ms ease-out;
  padding: 0.5em 0.75em;
  font-family: Helvetica Neue, Helvetica, Arial, sans-serif;
",
            "
  background-color: #1a7576;
  border-color: #1a7576;

  &:hover,
  &:active {
    background-color: #114c4c;
    border-color: #114c4c;
  }
",
          ],
        },
        "displayName": "Styled(styled.div)",
        "render": [Function],
        "styledComponentId": "sc-fjdhpX",
        "target": "div",
        "toString": [Function],
        "warnTooManyClasses": [Function],
        "withComponent": [Function],
      }
    }
    href="https://telegram.me/share/url?text=&url="
    iconCircle={[Function]}
    iconCircleSolid={[Function]}
    iconFill={[Function]}
    name="Telegram"
    simple={true}
  >
    <styled.a
      aria-label="Share on Telegram"
      href="https://telegram.me/share/url?text=&url="
      rel="noreferrer noopener"
      simple={true}
      target="_blank"
      title="Share on Telegram"
    >
      <StyledComponent
        aria-label="Share on Telegram"
        forwardedClass={
          Object {
            "$$typeof": Symbol(react.forward_ref),
            "attrs": Array [],
            "componentStyle": ComponentStyle {
              "componentId": "sc-bwzfXH",
              "isStatic": false,
              "lastClassName": "c0",
              "rules": Array [
                "
  text-decoration: none;
  color: #fff;
  margin: 0.5em;
  display: inline-block;

  svg {
    width: 1em;
    height: 1em;
    vertical-align: top;

    &:not(:only-child) {
      margin-right: 0.4em;
    }
  }

  ",
                [Function],
                ";

  ",
                [Function],
                ";

  ",
                [Function],
                ";
",
              ],
            },
            "displayName": "styled.a",
            "render": [Function],
            "styledComponentId": "sc-bwzfXH",
            "target": "a",
            "toString": [Function],
            "warnTooManyClasses": [Function],
            "withComponent": [Function],
          }
        }
        forwardedRef={null}
        href="https://telegram.me/share/url?text=&url="
        rel="noreferrer noopener"
        simple={true}
        target="_blank"
        title="Share on Telegram"
      >
        <a
          aria-label="Share on Telegram"
          className="c0"
          href="https://telegram.me/share/url?text=&url="
          rel="noreferrer noopener"
          target="_blank"
          title="Share on Telegram"
        >
          <TelegramIconFill>
            <svg
              viewBox="0 0 24 24"
              xmlns="http://www.w3.org/2000/svg"
            >
              <path
                d="M.707 8.475C.275 8.64 0 9.508 0 9.508s.284.867.718 1.03l5.09 1.897 1.986 6.38a1.102 1.102 0 0 0 1.75.527l2.96-2.41a.405.405 0 0 1 .494-.013l5.34 3.87a1.1 1.1 0 0 0 1.046.135 1.1 1.1 0 0 0 .682-.803l3.91-18.795A1.102 1.102 0 0 0 22.5.075L.706 8.475z"
              />
            </svg>
          </TelegramIconFill>
        </a>
      </StyledComponent>
    </styled.a>
  </ButtonFactory>
</Component>
`;

exports[`Telegram 14 1`] = `
.c0 {
  -webkit-text-decoration: none;
  text-decoration: none;
  color: #fff;
  margin: 0.5em;
  display: inline-block;
}

.c0 svg {
  width: 1em;
  height: 1em;
  vertical-align: top;
}

.c0 svg:not(:only-child) {
  margin-right: 0.4em;
}

.c0 svg {
  stroke: #fff;
  fill: none;
}

<Component
  simpleReverse={true}
>
  <ButtonFactory
    buttonComponent={
      Object {
        "$$typeof": Symbol(react.forward_ref),
        "attrs": Array [],
        "componentStyle": ComponentStyle {
          "componentId": "sc-fjdhpX",
          "isStatic": true,
          "lastClassName": "gErvTJ",
          "rules": Array [
            "
  border-radius: 5px;
  transition: 25ms ease-out;
  padding: 0.5em 0.75em;
  font-family: Helvetica Neue, Helvetica, Arial, sans-serif;
",
            "
  background-color: #1a7576;
  border-color: #1a7576;

  &:hover,
  &:active {
    background-color: #114c4c;
    border-color: #114c4c;
  }
",
          ],
        },
        "displayName": "Styled(styled.div)",
        "render": [Function],
        "styledComponentId": "sc-fjdhpX",
        "target": "div",
        "toString": [Function],
        "warnTooManyClasses": [Function],
        "withComponent": [Function],
      }
    }
    href="https://telegram.me/share/url?text=&url="
    iconCircle={[Function]}
    iconCircleSolid={[Function]}
    iconFill={[Function]}
    name="Telegram"
    simpleReverse={true}
  >
    <styled.a
      aria-label="Share on Telegram"
      href="https://telegram.me/share/url?text=&url="
      rel="noreferrer noopener"
      simpleReverse={true}
      target="_blank"
      title="Share on Telegram"
    >
      <StyledComponent
        aria-label="Share on Telegram"
        forwardedClass={
          Object {
            "$$typeof": Symbol(react.forward_ref),
            "attrs": Array [],
            "componentStyle": ComponentStyle {
              "componentId": "sc-bwzfXH",
              "isStatic": false,
              "lastClassName": "c0",
              "rules": Array [
                "
  text-decoration: none;
  color: #fff;
  margin: 0.5em;
  display: inline-block;

  svg {
    width: 1em;
    height: 1em;
    vertical-align: top;

    &:not(:only-child) {
      margin-right: 0.4em;
    }
  }

  ",
                [Function],
                ";

  ",
                [Function],
                ";

  ",
                [Function],
                ";
",
              ],
            },
            "displayName": "styled.a",
            "render": [Function],
            "styledComponentId": "sc-bwzfXH",
            "target": "a",
            "toString": [Function],
            "warnTooManyClasses": [Function],
            "withComponent": [Function],
          }
        }
        forwardedRef={null}
        href="https://telegram.me/share/url?text=&url="
        rel="noreferrer noopener"
        simpleReverse={true}
        target="_blank"
        title="Share on Telegram"
      >
        <a
          aria-label="Share on Telegram"
          className="c0"
          href="https://telegram.me/share/url?text=&url="
          rel="noreferrer noopener"
          target="_blank"
          title="Share on Telegram"
        >
          <TelegramIconFill>
            <svg
              viewBox="0 0 24 24"
              xmlns="http://www.w3.org/2000/svg"
            >
              <path
                d="M.707 8.475C.275 8.64 0 9.508 0 9.508s.284.867.718 1.03l5.09 1.897 1.986 6.38a1.102 1.102 0 0 0 1.75.527l2.96-2.41a.405.405 0 0 1 .494-.013l5.34 3.87a1.1 1.1 0 0 0 1.046.135 1.1 1.1 0 0 0 .682-.803l3.91-18.795A1.102 1.102 0 0 0 22.5.075L.706 8.475z"
              />
            </svg>
          </TelegramIconFill>
        </a>
      </StyledComponent>
    </styled.a>
  </ButtonFactory>
</Component>
`;
