// Jest Snapshot v1, https://goo.gl/fbAQLP

exports[`VK 1 1`] = `
<Button
  big={true}
  link="http://sharingbuttons.io"
  message="I am so cool"
  solidcircle={true}
>
  <styled.a
    aria-label="Share on VK"
    href="http://vk.com/share.php?title=I%20am%20so%20cool&amp;url=http%3A%2F%2Fsharingbuttons.io"
    target="_blank"
  >
    <a
      aria-label="Share on VK"
      className="sc-bwzfXH eNnkUm"
      href="http://vk.com/share.php?title=I%20am%20so%20cool&amp;url=http%3A%2F%2Fsharingbuttons.io"
      target="_blank"
    >
      <styled.div>
        <div
          className="sc-jTzLTM hwWGTI"
        >
          <styled.div
            aria-hidden="true"
            rel="noreferrer noopener"
            solidcircle={true}
          >
            <div
              aria-hidden="true"
              className="sc-htpNat gylFwk"
              rel="noreferrer noopener"
            >
              <svg
                viewBox="0 0 24 24"
                xmlns="http://www.w3.org/2000/svg"
              >
                <path
                  d="M12 .5C5.65.5.5 5.65.5 12c0 6.352 5.15 11.5 11.5 11.5 6.352 0 11.5-5.148 11.5-11.5C23.5 5.65 18.352.5 12 .5zm8.11 16.82h-2.603c-.244 0-.48-.094-.658-.26l-1.98-1.862c-.118-.112-.276-.175-.438-.175-.355 0-.646.287-.646.643v1c0 .36-.292.654-.654.654h-1.655c-3.935 0-7.385-6.898-8.185-9.093-.018-.052-.028-.105-.028-.16.002-.247.204-.445.452-.445h2.637c.24 0 .456.14.556.355.57 1.42 1.31 2.764 2.2 4.004.126.14.304.217.49.214.357-.006.64-.3.63-.656-.014-.894-.034-1.958-.034-2.328 0-1.493-1.106-1.313-1.106-1.313.355-.49.94-.76 1.543-.717h2.182c.537 0 .974.435.974.972v3.093c0 .896.646 1.502 1.646-.43.37-.718 1.527-2.848 1.527-2.848.114-.214.337-.347.577-.347h2.9c1.323 0 .358 1.502-.175 2.21-.392.52-1.31 1.727-1.873 2.47-.267.353-.238.845.07 1.165 0 0 1.74 1.834 2.22 2.31.685.673.685 1.545-.57 1.545z"
                />
              </svg>
               share on 
              VK
               
            </div>
          </styled.div>
        </div>
      </styled.div>
    </a>
  </styled.a>
</Button>
`;

exports[`VK 2 1`] = `
<Button
  link="http://sharingbuttons.io"
  medium={true}
  message="I am so cool"
  solidcircle={true}
>
  <styled.a
    aria-label="Share on VK"
    href="http://vk.com/share.php?title=I%20am%20so%20cool&amp;url=http%3A%2F%2Fsharingbuttons.io"
    target="_blank"
  >
    <a
      aria-label="Share on VK"
      className="sc-bwzfXH eNnkUm"
      href="http://vk.com/share.php?title=I%20am%20so%20cool&amp;url=http%3A%2F%2Fsharingbuttons.io"
      target="_blank"
    >
      <styled.div>
        <div
          className="sc-jTzLTM hwWGTI"
        >
          <styled.div
            aria-hidden="true"
            rel="noreferrer noopener"
            solidcircle={true}
          >
            <div
              aria-hidden="true"
              className="sc-htpNat gylFwk"
              rel="noreferrer noopener"
            >
              <svg
                viewBox="0 0 24 24"
                xmlns="http://www.w3.org/2000/svg"
              >
                <path
                  d="M12 .5C5.65.5.5 5.65.5 12c0 6.352 5.15 11.5 11.5 11.5 6.352 0 11.5-5.148 11.5-11.5C23.5 5.65 18.352.5 12 .5zm8.11 16.82h-2.603c-.244 0-.48-.094-.658-.26l-1.98-1.862c-.118-.112-.276-.175-.438-.175-.355 0-.646.287-.646.643v1c0 .36-.292.654-.654.654h-1.655c-3.935 0-7.385-6.898-8.185-9.093-.018-.052-.028-.105-.028-.16.002-.247.204-.445.452-.445h2.637c.24 0 .456.14.556.355.57 1.42 1.31 2.764 2.2 4.004.126.14.304.217.49.214.357-.006.64-.3.63-.656-.014-.894-.034-1.958-.034-2.328 0-1.493-1.106-1.313-1.106-1.313.355-.49.94-.76 1.543-.717h2.182c.537 0 .974.435.974.972v3.093c0 .896.646 1.502 1.646-.43.37-.718 1.527-2.848 1.527-2.848.114-.214.337-.347.577-.347h2.9c1.323 0 .358 1.502-.175 2.21-.392.52-1.31 1.727-1.873 2.47-.267.353-.238.845.07 1.165 0 0 1.74 1.834 2.22 2.31.685.673.685 1.545-.57 1.545z"
                />
              </svg>
               
              VK
               
            </div>
          </styled.div>
        </div>
      </styled.div>
    </a>
  </styled.a>
</Button>
`;

exports[`VK 3 1`] = `
<Button
  link="http://sharingbuttons.io"
  message="I am so cool"
  small={true}
  solidcircle={true}
>
  <styled.a
    aria-label="Share on VK"
    href="http://vk.com/share.php?title=I%20am%20so%20cool&amp;url=http%3A%2F%2Fsharingbuttons.io"
    target="_blank"
  >
    <a
      aria-label="Share on VK"
      className="sc-bwzfXH eNnkUm"
      href="http://vk.com/share.php?title=I%20am%20so%20cool&amp;url=http%3A%2F%2Fsharingbuttons.io"
      target="_blank"
    >
      <styled.div
        small={true}
      >
        <div
          className="sc-jTzLTM jlZyEn"
        >
          <styled.div
            aria-hidden="true"
            rel="noreferrer noopener"
            solidcircle={true}
          >
            <div
              aria-hidden="true"
              className="sc-htpNat gylFwk"
              rel="noreferrer noopener"
            >
              <svg
                viewBox="0 0 24 24"
                xmlns="http://www.w3.org/2000/svg"
              >
                <path
                  d="M12 .5C5.65.5.5 5.65.5 12c0 6.352 5.15 11.5 11.5 11.5 6.352 0 11.5-5.148 11.5-11.5C23.5 5.65 18.352.5 12 .5zm8.11 16.82h-2.603c-.244 0-.48-.094-.658-.26l-1.98-1.862c-.118-.112-.276-.175-.438-.175-.355 0-.646.287-.646.643v1c0 .36-.292.654-.654.654h-1.655c-3.935 0-7.385-6.898-8.185-9.093-.018-.052-.028-.105-.028-.16.002-.247.204-.445.452-.445h2.637c.24 0 .456.14.556.355.57 1.42 1.31 2.764 2.2 4.004.126.14.304.217.49.214.357-.006.64-.3.63-.656-.014-.894-.034-1.958-.034-2.328 0-1.493-1.106-1.313-1.106-1.313.355-.49.94-.76 1.543-.717h2.182c.537 0 .974.435.974.972v3.093c0 .896.646 1.502 1.646-.43.37-.718 1.527-2.848 1.527-2.848.114-.214.337-.347.577-.347h2.9c1.323 0 .358 1.502-.175 2.21-.392.52-1.31 1.727-1.873 2.47-.267.353-.238.845.07 1.165 0 0 1.74 1.834 2.22 2.31.685.673.685 1.545-.57 1.545z"
                />
              </svg>
            </div>
          </styled.div>
        </div>
      </styled.div>
    </a>
  </styled.a>
</Button>
`;

exports[`VK 4 1`] = `
<Button
  big={true}
  circle={true}
  link="http://sharingbuttons.io"
  message="I am so cool"
>
  <styled.a
    aria-label="Share on VK"
    href="http://vk.com/share.php?title=I%20am%20so%20cool&amp;url=http%3A%2F%2Fsharingbuttons.io"
    target="_blank"
  >
    <a
      aria-label="Share on VK"
      className="sc-bwzfXH eNnkUm"
      href="http://vk.com/share.php?title=I%20am%20so%20cool&amp;url=http%3A%2F%2Fsharingbuttons.io"
      target="_blank"
    >
      <styled.div>
        <div
          className="sc-jTzLTM hwWGTI"
        >
          <styled.div
            aria-hidden="true"
            rel="noreferrer noopener"
          >
            <div
              aria-hidden="true"
              className="sc-htpNat dZQCuR"
              rel="noreferrer noopener"
            >
              <svg
                viewBox="0 0 24 24"
                xmlns="http://www.w3.org/2000/svg"
              >
                <circle
                  cx="12"
                  cy="12"
                  r="11.5"
                />
                <path
                  d="M20.44 7.62h-2.9c-.24 0-.463.133-.577.347 0 0-1.156 2.13-1.528 2.848-1 1.932-1.647 1.326-1.647.43V8.152c0-.537-.436-.972-.973-.972h-2.182c-.604-.044-1.188.227-1.543.717 0 0 1.106-.18 1.106 1.313 0 .37.02 1.434.035 2.328.008.355-.274.65-.63.656-.187.003-.365-.074-.49-.213-.892-1.24-1.632-2.585-2.202-4.004-.1-.216-.316-.355-.556-.355H3.716c-.248 0-.45.198-.452.445 0 .055.01.108.028.16.8 2.195 4.25 9.094 8.185 9.094h1.655c.362 0 .654-.294.654-.655v-1c0-.356.29-.643.646-.643.162 0 .32.063.438.175l1.98 1.862c.18.166.413.26.658.26h2.604c1.255 0 1.255-.872.57-1.547-.48-.474-2.22-2.308-2.22-2.308-.307-.32-.336-.813-.07-1.166.563-.742 1.482-1.95 1.873-2.47.534-.707 1.498-2.21.176-2.21z"
                  strokeWidth="1.5px"
                />
              </svg>
               share on 
              VK
               
            </div>
          </styled.div>
        </div>
      </styled.div>
    </a>
  </styled.a>
</Button>
`;

exports[`VK 5 1`] = `
<Button
  circle={true}
  link="http://sharingbuttons.io"
  medium={true}
  message="I am so cool"
>
  <styled.a
    aria-label="Share on VK"
    href="http://vk.com/share.php?title=I%20am%20so%20cool&amp;url=http%3A%2F%2Fsharingbuttons.io"
    target="_blank"
  >
    <a
      aria-label="Share on VK"
      className="sc-bwzfXH eNnkUm"
      href="http://vk.com/share.php?title=I%20am%20so%20cool&amp;url=http%3A%2F%2Fsharingbuttons.io"
      target="_blank"
    >
      <styled.div>
        <div
          className="sc-jTzLTM hwWGTI"
        >
          <styled.div
            aria-hidden="true"
            rel="noreferrer noopener"
          >
            <div
              aria-hidden="true"
              className="sc-htpNat dZQCuR"
              rel="noreferrer noopener"
            >
              <svg
                viewBox="0 0 24 24"
                xmlns="http://www.w3.org/2000/svg"
              >
                <circle
                  cx="12"
                  cy="12"
                  r="11.5"
                />
                <path
                  d="M20.44 7.62h-2.9c-.24 0-.463.133-.577.347 0 0-1.156 2.13-1.528 2.848-1 1.932-1.647 1.326-1.647.43V8.152c0-.537-.436-.972-.973-.972h-2.182c-.604-.044-1.188.227-1.543.717 0 0 1.106-.18 1.106 1.313 0 .37.02 1.434.035 2.328.008.355-.274.65-.63.656-.187.003-.365-.074-.49-.213-.892-1.24-1.632-2.585-2.202-4.004-.1-.216-.316-.355-.556-.355H3.716c-.248 0-.45.198-.452.445 0 .055.01.108.028.16.8 2.195 4.25 9.094 8.185 9.094h1.655c.362 0 .654-.294.654-.655v-1c0-.356.29-.643.646-.643.162 0 .32.063.438.175l1.98 1.862c.18.166.413.26.658.26h2.604c1.255 0 1.255-.872.57-1.547-.48-.474-2.22-2.308-2.22-2.308-.307-.32-.336-.813-.07-1.166.563-.742 1.482-1.95 1.873-2.47.534-.707 1.498-2.21.176-2.21z"
                  strokeWidth="1.5px"
                />
              </svg>
               
              VK
               
            </div>
          </styled.div>
        </div>
      </styled.div>
    </a>
  </styled.a>
</Button>
`;

exports[`VK 6 1`] = `
<Button
  circle={true}
  link="http://sharingbuttons.io"
  message="I am so cool"
  small={true}
>
  <styled.a
    aria-label="Share on VK"
    href="http://vk.com/share.php?title=I%20am%20so%20cool&amp;url=http%3A%2F%2Fsharingbuttons.io"
    target="_blank"
  >
    <a
      aria-label="Share on VK"
      className="sc-bwzfXH eNnkUm"
      href="http://vk.com/share.php?title=I%20am%20so%20cool&amp;url=http%3A%2F%2Fsharingbuttons.io"
      target="_blank"
    >
      <styled.div
        small={true}
      >
        <div
          className="sc-jTzLTM jlZyEn"
        >
          <styled.div
            aria-hidden="true"
            rel="noreferrer noopener"
          >
            <div
              aria-hidden="true"
              className="sc-htpNat dZQCuR"
              rel="noreferrer noopener"
            >
              <svg
                viewBox="0 0 24 24"
                xmlns="http://www.w3.org/2000/svg"
              >
                <circle
                  cx="12"
                  cy="12"
                  r="11.5"
                />
                <path
                  d="M20.44 7.62h-2.9c-.24 0-.463.133-.577.347 0 0-1.156 2.13-1.528 2.848-1 1.932-1.647 1.326-1.647.43V8.152c0-.537-.436-.972-.973-.972h-2.182c-.604-.044-1.188.227-1.543.717 0 0 1.106-.18 1.106 1.313 0 .37.02 1.434.035 2.328.008.355-.274.65-.63.656-.187.003-.365-.074-.49-.213-.892-1.24-1.632-2.585-2.202-4.004-.1-.216-.316-.355-.556-.355H3.716c-.248 0-.45.198-.452.445 0 .055.01.108.028.16.8 2.195 4.25 9.094 8.185 9.094h1.655c.362 0 .654-.294.654-.655v-1c0-.356.29-.643.646-.643.162 0 .32.063.438.175l1.98 1.862c.18.166.413.26.658.26h2.604c1.255 0 1.255-.872.57-1.547-.48-.474-2.22-2.308-2.22-2.308-.307-.32-.336-.813-.07-1.166.563-.742 1.482-1.95 1.873-2.47.534-.707 1.498-2.21.176-2.21z"
                  strokeWidth="1.5px"
                />
              </svg>
            </div>
          </styled.div>
        </div>
      </styled.div>
    </a>
  </styled.a>
</Button>
`;

exports[`VK 7 1`] = `
<Button
  big={true}
  link="http://sharingbuttons.io"
  message="I am so cool"
  solid={true}
>
  <styled.a
    aria-label="Share on VK"
    href="http://vk.com/share.php?title=I%20am%20so%20cool&amp;url=http%3A%2F%2Fsharingbuttons.io"
    target="_blank"
  >
    <a
      aria-label="Share on VK"
      className="sc-bwzfXH eNnkUm"
      href="http://vk.com/share.php?title=I%20am%20so%20cool&amp;url=http%3A%2F%2Fsharingbuttons.io"
      target="_blank"
    >
      <styled.div>
        <div
          className="sc-jTzLTM hwWGTI"
        >
          <styled.div
            aria-hidden="true"
            rel="noreferrer noopener"
            solid={true}
          >
            <div
              aria-hidden="true"
              className="sc-htpNat gylFwk"
              rel="noreferrer noopener"
            >
              <svg
                viewBox="0 0 24 24"
                xmlns="http://www.w3.org/2000/svg"
              >
                <path
                  d="M21.547 7h-3.29a.743.743 0 0 0-.655.392s-1.312 2.416-1.734 3.23C14.734 12.813 14 12.126 14 11.11V7.603A1.104 1.104 0 0 0 12.896 6.5h-2.474a1.982 1.982 0 0 0-1.75.813s1.255-.204 1.255 1.49c0 .42.022 1.626.04 2.64a.73.73 0 0 1-1.272.503 21.54 21.54 0 0 1-2.498-4.543.693.693 0 0 0-.63-.403h-2.99a.508.508 0 0 0-.48.685C3.005 10.175 6.918 18 11.38 18h1.878a.742.742 0 0 0 .742-.742v-1.135a.73.73 0 0 1 1.23-.53l2.247 2.112a1.09 1.09 0 0 0 .746.295h2.953c1.424 0 1.424-.988.647-1.753-.546-.538-2.518-2.617-2.518-2.617a1.02 1.02 0 0 1-.078-1.323c.637-.84 1.68-2.212 2.122-2.8.603-.804 1.697-2.507.197-2.507z"
                />
              </svg>
               share on 
              VK
               
            </div>
          </styled.div>
        </div>
      </styled.div>
    </a>
  </styled.a>
</Button>
`;

exports[`VK 8 1`] = `
<Button
  link="http://sharingbuttons.io"
  medium={true}
  message="I am so cool"
  solid={true}
>
  <styled.a
    aria-label="Share on VK"
    href="http://vk.com/share.php?title=I%20am%20so%20cool&amp;url=http%3A%2F%2Fsharingbuttons.io"
    target="_blank"
  >
    <a
      aria-label="Share on VK"
      className="sc-bwzfXH eNnkUm"
      href="http://vk.com/share.php?title=I%20am%20so%20cool&amp;url=http%3A%2F%2Fsharingbuttons.io"
      target="_blank"
    >
      <styled.div>
        <div
          className="sc-jTzLTM hwWGTI"
        >
          <styled.div
            aria-hidden="true"
            rel="noreferrer noopener"
            solid={true}
          >
            <div
              aria-hidden="true"
              className="sc-htpNat gylFwk"
              rel="noreferrer noopener"
            >
              <svg
                viewBox="0 0 24 24"
                xmlns="http://www.w3.org/2000/svg"
              >
                <path
                  d="M21.547 7h-3.29a.743.743 0 0 0-.655.392s-1.312 2.416-1.734 3.23C14.734 12.813 14 12.126 14 11.11V7.603A1.104 1.104 0 0 0 12.896 6.5h-2.474a1.982 1.982 0 0 0-1.75.813s1.255-.204 1.255 1.49c0 .42.022 1.626.04 2.64a.73.73 0 0 1-1.272.503 21.54 21.54 0 0 1-2.498-4.543.693.693 0 0 0-.63-.403h-2.99a.508.508 0 0 0-.48.685C3.005 10.175 6.918 18 11.38 18h1.878a.742.742 0 0 0 .742-.742v-1.135a.73.73 0 0 1 1.23-.53l2.247 2.112a1.09 1.09 0 0 0 .746.295h2.953c1.424 0 1.424-.988.647-1.753-.546-.538-2.518-2.617-2.518-2.617a1.02 1.02 0 0 1-.078-1.323c.637-.84 1.68-2.212 2.122-2.8.603-.804 1.697-2.507.197-2.507z"
                />
              </svg>
               
              VK
               
            </div>
          </styled.div>
        </div>
      </styled.div>
    </a>
  </styled.a>
</Button>
`;

exports[`VK 9 1`] = `
<Button
  link="http://sharingbuttons.io"
  message="I am so cool"
  small={true}
  solid={true}
>
  <styled.a
    aria-label="Share on VK"
    href="http://vk.com/share.php?title=I%20am%20so%20cool&amp;url=http%3A%2F%2Fsharingbuttons.io"
    target="_blank"
  >
    <a
      aria-label="Share on VK"
      className="sc-bwzfXH eNnkUm"
      href="http://vk.com/share.php?title=I%20am%20so%20cool&amp;url=http%3A%2F%2Fsharingbuttons.io"
      target="_blank"
    >
      <styled.div
        small={true}
      >
        <div
          className="sc-jTzLTM jlZyEn"
        >
          <styled.div
            aria-hidden="true"
            rel="noreferrer noopener"
            solid={true}
          >
            <div
              aria-hidden="true"
              className="sc-htpNat gylFwk"
              rel="noreferrer noopener"
            >
              <svg
                viewBox="0 0 24 24"
                xmlns="http://www.w3.org/2000/svg"
              >
                <path
                  d="M21.547 7h-3.29a.743.743 0 0 0-.655.392s-1.312 2.416-1.734 3.23C14.734 12.813 14 12.126 14 11.11V7.603A1.104 1.104 0 0 0 12.896 6.5h-2.474a1.982 1.982 0 0 0-1.75.813s1.255-.204 1.255 1.49c0 .42.022 1.626.04 2.64a.73.73 0 0 1-1.272.503 21.54 21.54 0 0 1-2.498-4.543.693.693 0 0 0-.63-.403h-2.99a.508.508 0 0 0-.48.685C3.005 10.175 6.918 18 11.38 18h1.878a.742.742 0 0 0 .742-.742v-1.135a.73.73 0 0 1 1.23-.53l2.247 2.112a1.09 1.09 0 0 0 .746.295h2.953c1.424 0 1.424-.988.647-1.753-.546-.538-2.518-2.617-2.518-2.617a1.02 1.02 0 0 1-.078-1.323c.637-.84 1.68-2.212 2.122-2.8.603-.804 1.697-2.507.197-2.507z"
                />
              </svg>
            </div>
          </styled.div>
        </div>
      </styled.div>
    </a>
  </styled.a>
</Button>
`;
