// Jest Snapshot v1, https://goo.gl/fbAQLP

exports[`Xing 1 1`] = `
.c0 {
  -webkit-text-decoration: none;
  text-decoration: none;
  color: #fff;
  margin: 0.5em;
  display: inline-block;
}

.c0 svg {
  width: 1em;
  height: 1em;
  vertical-align: top;
}

.c0 svg:not(:only-child) {
  margin-right: 0.4em;
}

.c2 {
  display: -webkit-box;
  display: -webkit-flex;
  display: -ms-flexbox;
  display: flex;
  -webkit-align-items: center;
  -webkit-box-align: center;
  -ms-flex-align: center;
  align-items: center;
  fill: #fff;
  stroke: none;
  fill: #fff;
  stroke: none;
}

.c1 {
  border-radius: 5px;
  -webkit-transition: 25ms ease-out;
  transition: 25ms ease-out;
  padding: 0.5em 0.75em;
  font-family: Helvetica Neue,Helvetica,Arial,sans-serif;
  background-color: #1a7576;
  border-color: #1a7576;
}

.c1:hover,
.c1:active {
  background-color: #114c4c;
  border-color: #114c4c;
}

<Component
  big={true}
  link="http://sharingbuttons.io"
  message="I am so cool"
  solidcircle={true}
>
  <ButtonFactory
    big={true}
    buttonComponent={
      Object {
        "$$typeof": Symbol(react.forward_ref),
        "attrs": Array [],
        "componentStyle": ComponentStyle {
          "componentId": "sc-gZMcBi",
          "isStatic": true,
          "lastClassName": "c1",
          "rules": Array [
            "
  border-radius: 5px;
  transition: 25ms ease-out;
  padding: 0.5em 0.75em;
  font-family: Helvetica Neue, Helvetica, Arial, sans-serif;
",
            "
  background-color: #1a7576;
  border-color: #1a7576;

  &:hover,
  &:active {
    background-color: #114c4c;
    border-color: #114c4c;
  }
",
          ],
        },
        "displayName": "Styled(styled.div)",
        "render": [Function],
        "styledComponentId": "sc-gZMcBi",
        "target": "div",
        "toString": [Function],
        "warnTooManyClasses": [Function],
        "withComponent": [Function],
      }
    }
    href="https://www.xing.com/app/user?op=share;url=http%3A%2F%2Fsharingbuttons.io;title=I%20am%20so%20cool."
    iconCircle={[Function]}
    iconCircleSolid={[Function]}
    iconFill={[Function]}
    name="Xing"
    solidcircle={true}
  >
    <ForwardRef
      aria-label="Share on Xing"
      href="https://www.xing.com/app/user?op=share;url=http%3A%2F%2Fsharingbuttons.io;title=I%20am%20so%20cool."
      rel="noreferrer noopener"
      target="_blank"
      title="Share on Xing"
    >
      <StyledComponent
        aria-label="Share on Xing"
        forwardedClass={
          Object {
            "$$typeof": Symbol(react.forward_ref),
            "attrs": Array [],
            "componentStyle": ComponentStyle {
              "componentId": "sc-bwzfXH",
              "isStatic": false,
              "lastClassName": "c0",
              "rules": Array [
                "
  text-decoration: none;
  color: #fff;
  margin: 0.5em;
  display: inline-block;

  svg {
    width: 1em;
    height: 1em;
    vertical-align: top;

    &:not(:only-child) {
      margin-right: 0.4em;
    }
  }

  ",
                [Function],
                ";

  ",
                [Function],
                ";

  ",
                [Function],
                ";
",
              ],
            },
            "displayName": "styled.a",
            "render": [Function],
            "styledComponentId": "sc-bwzfXH",
            "target": "a",
            "toString": [Function],
            "warnTooManyClasses": [Function],
            "withComponent": [Function],
          }
        }
        forwardedRef={null}
        href="https://www.xing.com/app/user?op=share;url=http%3A%2F%2Fsharingbuttons.io;title=I%20am%20so%20cool."
        rel="noreferrer noopener"
        target="_blank"
        title="Share on Xing"
      >
        <a
          aria-label="Share on Xing"
          className="c0"
          href="https://www.xing.com/app/user?op=share;url=http%3A%2F%2Fsharingbuttons.io;title=I%20am%20so%20cool."
          rel="noreferrer noopener"
          target="_blank"
          title="Share on Xing"
        >
          <ForwardRef
            solidcircle={true}
          >
            <StyledComponent
              forwardedClass={
                Object {
                  "$$typeof": Symbol(react.forward_ref),
                  "attrs": Array [],
                  "componentStyle": ComponentStyle {
                    "componentId": "sc-gZMcBi",
                    "isStatic": true,
                    "lastClassName": "c1",
                    "rules": Array [
                      "
  border-radius: 5px;
  transition: 25ms ease-out;
  padding: 0.5em 0.75em;
  font-family: Helvetica Neue, Helvetica, Arial, sans-serif;
",
                      "
  background-color: #1a7576;
  border-color: #1a7576;

  &:hover,
  &:active {
    background-color: #114c4c;
    border-color: #114c4c;
  }
",
                    ],
                  },
                  "displayName": "Styled(styled.div)",
                  "render": [Function],
                  "styledComponentId": "sc-gZMcBi",
                  "target": "div",
                  "toString": [Function],
                  "warnTooManyClasses": [Function],
                  "withComponent": [Function],
                }
              }
              forwardedRef={null}
              solidcircle={true}
            >
              <div
                className="c1"
              >
                <ForwardRef
                  aria-hidden="true"
                  solidcircle={true}
                >
                  <StyledComponent
                    aria-hidden="true"
                    forwardedClass={
                      Object {
                        "$$typeof": Symbol(react.forward_ref),
                        "attrs": Array [],
                        "componentStyle": ComponentStyle {
                          "componentId": "sc-htpNat",
                          "isStatic": false,
                          "lastClassName": "c2",
                          "rules": Array [
                            "
  display: flex;
  align-items: center;
  fill: #fff;
  stroke: none ",
                            [Function],
                            ";
",
                          ],
                        },
                        "displayName": "styled.div",
                        "render": [Function],
                        "styledComponentId": "sc-htpNat",
                        "target": "div",
                        "toString": [Function],
                        "warnTooManyClasses": [Function],
                        "withComponent": [Function],
                      }
                    }
                    forwardedRef={null}
                    solidcircle={true}
                  >
                    <div
                      aria-hidden="true"
                      className="c2"
                    >
                      <svg
                        viewBox="0 0 24 24"
                        xmlns="http://www.w3.org/2000/svg"
                      >
                        <path
                          d="M12 0C5.4 0 0 5.4 0 12s5.4 12 12 12 12-5.4 12-12S18.6 0 12 0zM7.8 14.5h-3L7 11.3 5.3 8.5h3l1.8 2.8L8 14.5zm9 5h-3.4l-3-5.5L15 5.5h3.2L13.6 14l3 5.5z"
                        />
                      </svg>
                       
                      <span>
                        Share on Xing
                      </span>
                    </div>
                  </StyledComponent>
                </ForwardRef>
              </div>
            </StyledComponent>
          </ForwardRef>
        </a>
      </StyledComponent>
    </ForwardRef>
  </ButtonFactory>
</Component>
`;

exports[`Xing 2 1`] = `
.c0 {
  -webkit-text-decoration: none;
  text-decoration: none;
  color: #fff;
  margin: 0.5em;
  display: inline-block;
}

.c0 svg {
  width: 1em;
  height: 1em;
  vertical-align: top;
}

.c0 svg:not(:only-child) {
  margin-right: 0.4em;
}

.c2 {
  display: -webkit-box;
  display: -webkit-flex;
  display: -ms-flexbox;
  display: flex;
  -webkit-align-items: center;
  -webkit-box-align: center;
  -ms-flex-align: center;
  align-items: center;
  fill: #fff;
  stroke: none;
  fill: #fff;
  stroke: none;
}

.c1 {
  border-radius: 5px;
  -webkit-transition: 25ms ease-out;
  transition: 25ms ease-out;
  padding: 0.5em 0.75em;
  font-family: Helvetica Neue,Helvetica,Arial,sans-serif;
  background-color: #1a7576;
  border-color: #1a7576;
}

.c1:hover,
.c1:active {
  background-color: #114c4c;
  border-color: #114c4c;
}

<Component
  link="http://sharingbuttons.io"
  medium={true}
  message="I am so cool"
  solidcircle={true}
>
  <ButtonFactory
    buttonComponent={
      Object {
        "$$typeof": Symbol(react.forward_ref),
        "attrs": Array [],
        "componentStyle": ComponentStyle {
          "componentId": "sc-gZMcBi",
          "isStatic": true,
          "lastClassName": "c1",
          "rules": Array [
            "
  border-radius: 5px;
  transition: 25ms ease-out;
  padding: 0.5em 0.75em;
  font-family: Helvetica Neue, Helvetica, Arial, sans-serif;
",
            "
  background-color: #1a7576;
  border-color: #1a7576;

  &:hover,
  &:active {
    background-color: #114c4c;
    border-color: #114c4c;
  }
",
          ],
        },
        "displayName": "Styled(styled.div)",
        "render": [Function],
        "styledComponentId": "sc-gZMcBi",
        "target": "div",
        "toString": [Function],
        "warnTooManyClasses": [Function],
        "withComponent": [Function],
      }
    }
    href="https://www.xing.com/app/user?op=share;url=http%3A%2F%2Fsharingbuttons.io;title=I%20am%20so%20cool."
    iconCircle={[Function]}
    iconCircleSolid={[Function]}
    iconFill={[Function]}
    medium={true}
    name="Xing"
    solidcircle={true}
  >
    <ForwardRef
      aria-label="Share on Xing"
      href="https://www.xing.com/app/user?op=share;url=http%3A%2F%2Fsharingbuttons.io;title=I%20am%20so%20cool."
      rel="noreferrer noopener"
      target="_blank"
      title="Share on Xing"
    >
      <StyledComponent
        aria-label="Share on Xing"
        forwardedClass={
          Object {
            "$$typeof": Symbol(react.forward_ref),
            "attrs": Array [],
            "componentStyle": ComponentStyle {
              "componentId": "sc-bwzfXH",
              "isStatic": false,
              "lastClassName": "c0",
              "rules": Array [
                "
  text-decoration: none;
  color: #fff;
  margin: 0.5em;
  display: inline-block;

  svg {
    width: 1em;
    height: 1em;
    vertical-align: top;

    &:not(:only-child) {
      margin-right: 0.4em;
    }
  }

  ",
                [Function],
                ";

  ",
                [Function],
                ";

  ",
                [Function],
                ";
",
              ],
            },
            "displayName": "styled.a",
            "render": [Function],
            "styledComponentId": "sc-bwzfXH",
            "target": "a",
            "toString": [Function],
            "warnTooManyClasses": [Function],
            "withComponent": [Function],
          }
        }
        forwardedRef={null}
        href="https://www.xing.com/app/user?op=share;url=http%3A%2F%2Fsharingbuttons.io;title=I%20am%20so%20cool."
        rel="noreferrer noopener"
        target="_blank"
        title="Share on Xing"
      >
        <a
          aria-label="Share on Xing"
          className="c0"
          href="https://www.xing.com/app/user?op=share;url=http%3A%2F%2Fsharingbuttons.io;title=I%20am%20so%20cool."
          rel="noreferrer noopener"
          target="_blank"
          title="Share on Xing"
        >
          <ForwardRef
            solidcircle={true}
          >
            <StyledComponent
              forwardedClass={
                Object {
                  "$$typeof": Symbol(react.forward_ref),
                  "attrs": Array [],
                  "componentStyle": ComponentStyle {
                    "componentId": "sc-gZMcBi",
                    "isStatic": true,
                    "lastClassName": "c1",
                    "rules": Array [
                      "
  border-radius: 5px;
  transition: 25ms ease-out;
  padding: 0.5em 0.75em;
  font-family: Helvetica Neue, Helvetica, Arial, sans-serif;
",
                      "
  background-color: #1a7576;
  border-color: #1a7576;

  &:hover,
  &:active {
    background-color: #114c4c;
    border-color: #114c4c;
  }
",
                    ],
                  },
                  "displayName": "Styled(styled.div)",
                  "render": [Function],
                  "styledComponentId": "sc-gZMcBi",
                  "target": "div",
                  "toString": [Function],
                  "warnTooManyClasses": [Function],
                  "withComponent": [Function],
                }
              }
              forwardedRef={null}
              solidcircle={true}
            >
              <div
                className="c1"
              >
                <ForwardRef
                  aria-hidden="true"
                  solidcircle={true}
                >
                  <StyledComponent
                    aria-hidden="true"
                    forwardedClass={
                      Object {
                        "$$typeof": Symbol(react.forward_ref),
                        "attrs": Array [],
                        "componentStyle": ComponentStyle {
                          "componentId": "sc-htpNat",
                          "isStatic": false,
                          "lastClassName": "c2",
                          "rules": Array [
                            "
  display: flex;
  align-items: center;
  fill: #fff;
  stroke: none ",
                            [Function],
                            ";
",
                          ],
                        },
                        "displayName": "styled.div",
                        "render": [Function],
                        "styledComponentId": "sc-htpNat",
                        "target": "div",
                        "toString": [Function],
                        "warnTooManyClasses": [Function],
                        "withComponent": [Function],
                      }
                    }
                    forwardedRef={null}
                    solidcircle={true}
                  >
                    <div
                      aria-hidden="true"
                      className="c2"
                    >
                      <svg
                        viewBox="0 0 24 24"
                        xmlns="http://www.w3.org/2000/svg"
                      >
                        <path
                          d="M12 0C5.4 0 0 5.4 0 12s5.4 12 12 12 12-5.4 12-12S18.6 0 12 0zM7.8 14.5h-3L7 11.3 5.3 8.5h3l1.8 2.8L8 14.5zm9 5h-3.4l-3-5.5L15 5.5h3.2L13.6 14l3 5.5z"
                        />
                      </svg>
                       
                      <span>
                        Xing
                      </span>
                    </div>
                  </StyledComponent>
                </ForwardRef>
              </div>
            </StyledComponent>
          </ForwardRef>
        </a>
      </StyledComponent>
    </ForwardRef>
  </ButtonFactory>
</Component>
`;

exports[`Xing 3 1`] = `
.c0 {
  -webkit-text-decoration: none;
  text-decoration: none;
  color: #fff;
  margin: 0.5em;
  display: inline-block;
}

.c0 svg {
  width: 1em;
  height: 1em;
  vertical-align: top;
}

.c0 svg:not(:only-child) {
  margin-right: 0.4em;
}

.c2 {
  display: -webkit-box;
  display: -webkit-flex;
  display: -ms-flexbox;
  display: flex;
  -webkit-align-items: center;
  -webkit-box-align: center;
  -ms-flex-align: center;
  align-items: center;
  fill: #fff;
  stroke: none;
  fill: #fff;
  stroke: none;
}

.c1 {
  border-radius: 5px;
  -webkit-transition: 25ms ease-out;
  transition: 25ms ease-out;
  padding: 0.5em 0.75em;
  font-family: Helvetica Neue,Helvetica,Arial,sans-serif;
  background-color: #1a7576;
  border-color: #1a7576;
}

.c1:hover,
.c1:active {
  background-color: #114c4c;
  border-color: #114c4c;
}

<Component
  link="http://sharingbuttons.io"
  message="I am so cool"
  small={true}
  solidcircle={true}
>
  <ButtonFactory
    buttonComponent={
      Object {
        "$$typeof": Symbol(react.forward_ref),
        "attrs": Array [],
        "componentStyle": ComponentStyle {
          "componentId": "sc-gZMcBi",
          "isStatic": true,
          "lastClassName": "c1",
          "rules": Array [
            "
  border-radius: 5px;
  transition: 25ms ease-out;
  padding: 0.5em 0.75em;
  font-family: Helvetica Neue, Helvetica, Arial, sans-serif;
",
            "
  background-color: #1a7576;
  border-color: #1a7576;

  &:hover,
  &:active {
    background-color: #114c4c;
    border-color: #114c4c;
  }
",
          ],
        },
        "displayName": "Styled(styled.div)",
        "render": [Function],
        "styledComponentId": "sc-gZMcBi",
        "target": "div",
        "toString": [Function],
        "warnTooManyClasses": [Function],
        "withComponent": [Function],
      }
    }
    href="https://www.xing.com/app/user?op=share;url=http%3A%2F%2Fsharingbuttons.io;title=I%20am%20so%20cool."
    iconCircle={[Function]}
    iconCircleSolid={[Function]}
    iconFill={[Function]}
    name="Xing"
    small={true}
    solidcircle={true}
  >
    <ForwardRef
      aria-label="Share on Xing"
      href="https://www.xing.com/app/user?op=share;url=http%3A%2F%2Fsharingbuttons.io;title=I%20am%20so%20cool."
      rel="noreferrer noopener"
      target="_blank"
      title="Share on Xing"
    >
      <StyledComponent
        aria-label="Share on Xing"
        forwardedClass={
          Object {
            "$$typeof": Symbol(react.forward_ref),
            "attrs": Array [],
            "componentStyle": ComponentStyle {
              "componentId": "sc-bwzfXH",
              "isStatic": false,
              "lastClassName": "c0",
              "rules": Array [
                "
  text-decoration: none;
  color: #fff;
  margin: 0.5em;
  display: inline-block;

  svg {
    width: 1em;
    height: 1em;
    vertical-align: top;

    &:not(:only-child) {
      margin-right: 0.4em;
    }
  }

  ",
                [Function],
                ";

  ",
                [Function],
                ";

  ",
                [Function],
                ";
",
              ],
            },
            "displayName": "styled.a",
            "render": [Function],
            "styledComponentId": "sc-bwzfXH",
            "target": "a",
            "toString": [Function],
            "warnTooManyClasses": [Function],
            "withComponent": [Function],
          }
        }
        forwardedRef={null}
        href="https://www.xing.com/app/user?op=share;url=http%3A%2F%2Fsharingbuttons.io;title=I%20am%20so%20cool."
        rel="noreferrer noopener"
        target="_blank"
        title="Share on Xing"
      >
        <a
          aria-label="Share on Xing"
          className="c0"
          href="https://www.xing.com/app/user?op=share;url=http%3A%2F%2Fsharingbuttons.io;title=I%20am%20so%20cool."
          rel="noreferrer noopener"
          target="_blank"
          title="Share on Xing"
        >
          <ForwardRef
            small={true}
            solidcircle={true}
          >
            <StyledComponent
              forwardedClass={
                Object {
                  "$$typeof": Symbol(react.forward_ref),
                  "attrs": Array [],
                  "componentStyle": ComponentStyle {
                    "componentId": "sc-gZMcBi",
                    "isStatic": true,
                    "lastClassName": "c1",
                    "rules": Array [
                      "
  border-radius: 5px;
  transition: 25ms ease-out;
  padding: 0.5em 0.75em;
  font-family: Helvetica Neue, Helvetica, Arial, sans-serif;
",
                      "
  background-color: #1a7576;
  border-color: #1a7576;

  &:hover,
  &:active {
    background-color: #114c4c;
    border-color: #114c4c;
  }
",
                    ],
                  },
                  "displayName": "Styled(styled.div)",
                  "render": [Function],
                  "styledComponentId": "sc-gZMcBi",
                  "target": "div",
                  "toString": [Function],
                  "warnTooManyClasses": [Function],
                  "withComponent": [Function],
                }
              }
              forwardedRef={null}
              small={true}
              solidcircle={true}
            >
              <div
                className="c1"
              >
                <ForwardRef
                  aria-hidden="true"
                  solidcircle={true}
                >
                  <StyledComponent
                    aria-hidden="true"
                    forwardedClass={
                      Object {
                        "$$typeof": Symbol(react.forward_ref),
                        "attrs": Array [],
                        "componentStyle": ComponentStyle {
                          "componentId": "sc-htpNat",
                          "isStatic": false,
                          "lastClassName": "c2",
                          "rules": Array [
                            "
  display: flex;
  align-items: center;
  fill: #fff;
  stroke: none ",
                            [Function],
                            ";
",
                          ],
                        },
                        "displayName": "styled.div",
                        "render": [Function],
                        "styledComponentId": "sc-htpNat",
                        "target": "div",
                        "toString": [Function],
                        "warnTooManyClasses": [Function],
                        "withComponent": [Function],
                      }
                    }
                    forwardedRef={null}
                    solidcircle={true}
                  >
                    <div
                      aria-hidden="true"
                      className="c2"
                    >
                      <svg
                        viewBox="0 0 24 24"
                        xmlns="http://www.w3.org/2000/svg"
                      >
                        <path
                          d="M12 0C5.4 0 0 5.4 0 12s5.4 12 12 12 12-5.4 12-12S18.6 0 12 0zM7.8 14.5h-3L7 11.3 5.3 8.5h3l1.8 2.8L8 14.5zm9 5h-3.4l-3-5.5L15 5.5h3.2L13.6 14l3 5.5z"
                        />
                      </svg>
                       
                    </div>
                  </StyledComponent>
                </ForwardRef>
              </div>
            </StyledComponent>
          </ForwardRef>
        </a>
      </StyledComponent>
    </ForwardRef>
  </ButtonFactory>
</Component>
`;

exports[`Xing 4 1`] = `
.c0 {
  -webkit-text-decoration: none;
  text-decoration: none;
  color: #fff;
  margin: 0.5em;
  display: inline-block;
}

.c0 svg {
  width: 1em;
  height: 1em;
  vertical-align: top;
}

.c0 svg:not(:only-child) {
  margin-right: 0.4em;
}

.c2 {
  display: -webkit-box;
  display: -webkit-flex;
  display: -ms-flexbox;
  display: flex;
  -webkit-align-items: center;
  -webkit-box-align: center;
  -ms-flex-align: center;
  align-items: center;
  fill: #fff;
  stroke: none;
}

.c1 {
  border-radius: 5px;
  -webkit-transition: 25ms ease-out;
  transition: 25ms ease-out;
  padding: 0.5em 0.75em;
  font-family: Helvetica Neue,Helvetica,Arial,sans-serif;
  background-color: #1a7576;
  border-color: #1a7576;
}

.c1:hover,
.c1:active {
  background-color: #114c4c;
  border-color: #114c4c;
}

<Component
  big={true}
  circle={true}
  link="http://sharingbuttons.io"
  message="I am so cool"
>
  <ButtonFactory
    big={true}
    buttonComponent={
      Object {
        "$$typeof": Symbol(react.forward_ref),
        "attrs": Array [],
        "componentStyle": ComponentStyle {
          "componentId": "sc-gZMcBi",
          "isStatic": true,
          "lastClassName": "c1",
          "rules": Array [
            "
  border-radius: 5px;
  transition: 25ms ease-out;
  padding: 0.5em 0.75em;
  font-family: Helvetica Neue, Helvetica, Arial, sans-serif;
",
            "
  background-color: #1a7576;
  border-color: #1a7576;

  &:hover,
  &:active {
    background-color: #114c4c;
    border-color: #114c4c;
  }
",
          ],
        },
        "displayName": "Styled(styled.div)",
        "render": [Function],
        "styledComponentId": "sc-gZMcBi",
        "target": "div",
        "toString": [Function],
        "warnTooManyClasses": [Function],
        "withComponent": [Function],
      }
    }
    circle={true}
    href="https://www.xing.com/app/user?op=share;url=http%3A%2F%2Fsharingbuttons.io;title=I%20am%20so%20cool."
    iconCircle={[Function]}
    iconCircleSolid={[Function]}
    iconFill={[Function]}
    name="Xing"
  >
    <ForwardRef
      aria-label="Share on Xing"
      href="https://www.xing.com/app/user?op=share;url=http%3A%2F%2Fsharingbuttons.io;title=I%20am%20so%20cool."
      rel="noreferrer noopener"
      target="_blank"
      title="Share on Xing"
    >
      <StyledComponent
        aria-label="Share on Xing"
        forwardedClass={
          Object {
            "$$typeof": Symbol(react.forward_ref),
            "attrs": Array [],
            "componentStyle": ComponentStyle {
              "componentId": "sc-bwzfXH",
              "isStatic": false,
              "lastClassName": "c0",
              "rules": Array [
                "
  text-decoration: none;
  color: #fff;
  margin: 0.5em;
  display: inline-block;

  svg {
    width: 1em;
    height: 1em;
    vertical-align: top;

    &:not(:only-child) {
      margin-right: 0.4em;
    }
  }

  ",
                [Function],
                ";

  ",
                [Function],
                ";

  ",
                [Function],
                ";
",
              ],
            },
            "displayName": "styled.a",
            "render": [Function],
            "styledComponentId": "sc-bwzfXH",
            "target": "a",
            "toString": [Function],
            "warnTooManyClasses": [Function],
            "withComponent": [Function],
          }
        }
        forwardedRef={null}
        href="https://www.xing.com/app/user?op=share;url=http%3A%2F%2Fsharingbuttons.io;title=I%20am%20so%20cool."
        rel="noreferrer noopener"
        target="_blank"
        title="Share on Xing"
      >
        <a
          aria-label="Share on Xing"
          className="c0"
          href="https://www.xing.com/app/user?op=share;url=http%3A%2F%2Fsharingbuttons.io;title=I%20am%20so%20cool."
          rel="noreferrer noopener"
          target="_blank"
          title="Share on Xing"
        >
          <ForwardRef>
            <StyledComponent
              forwardedClass={
                Object {
                  "$$typeof": Symbol(react.forward_ref),
                  "attrs": Array [],
                  "componentStyle": ComponentStyle {
                    "componentId": "sc-gZMcBi",
                    "isStatic": true,
                    "lastClassName": "c1",
                    "rules": Array [
                      "
  border-radius: 5px;
  transition: 25ms ease-out;
  padding: 0.5em 0.75em;
  font-family: Helvetica Neue, Helvetica, Arial, sans-serif;
",
                      "
  background-color: #1a7576;
  border-color: #1a7576;

  &:hover,
  &:active {
    background-color: #114c4c;
    border-color: #114c4c;
  }
",
                    ],
                  },
                  "displayName": "Styled(styled.div)",
                  "render": [Function],
                  "styledComponentId": "sc-gZMcBi",
                  "target": "div",
                  "toString": [Function],
                  "warnTooManyClasses": [Function],
                  "withComponent": [Function],
                }
              }
              forwardedRef={null}
            >
              <div
                className="c1"
              >
                <ForwardRef
                  aria-hidden="true"
                >
                  <StyledComponent
                    aria-hidden="true"
                    forwardedClass={
                      Object {
                        "$$typeof": Symbol(react.forward_ref),
                        "attrs": Array [],
                        "componentStyle": ComponentStyle {
                          "componentId": "sc-htpNat",
                          "isStatic": false,
                          "lastClassName": "c2",
                          "rules": Array [
                            "
  display: flex;
  align-items: center;
  fill: #fff;
  stroke: none ",
                            [Function],
                            ";
",
                          ],
                        },
                        "displayName": "styled.div",
                        "render": [Function],
                        "styledComponentId": "sc-htpNat",
                        "target": "div",
                        "toString": [Function],
                        "warnTooManyClasses": [Function],
                        "withComponent": [Function],
                      }
                    }
                    forwardedRef={null}
                  >
                    <div
                      aria-hidden="true"
                      className="c2"
                    >
                      <svg
                        viewBox="0 0 24 24"
                        xmlns="http://www.w3.org/2000/svg"
                      >
                        <circle
                          cx="12"
                          cy="12"
                          r="11.5"
                        />
                        <path
                          d="M8.4 8.5h-3L7 11.3l-2.2 3.2h3l2.3-3.2zm10-3h-3.2l-5 8.5 3.2 5.5h3.3l-3-5.5z"
                        />
                      </svg>
                       
                      <span>
                        Share on Xing
                      </span>
                    </div>
                  </StyledComponent>
                </ForwardRef>
              </div>
            </StyledComponent>
          </ForwardRef>
        </a>
      </StyledComponent>
    </ForwardRef>
  </ButtonFactory>
</Component>
`;

exports[`Xing 5 1`] = `
.c0 {
  -webkit-text-decoration: none;
  text-decoration: none;
  color: #fff;
  margin: 0.5em;
  display: inline-block;
}

.c0 svg {
  width: 1em;
  height: 1em;
  vertical-align: top;
}

.c0 svg:not(:only-child) {
  margin-right: 0.4em;
}

.c2 {
  display: -webkit-box;
  display: -webkit-flex;
  display: -ms-flexbox;
  display: flex;
  -webkit-align-items: center;
  -webkit-box-align: center;
  -ms-flex-align: center;
  align-items: center;
  fill: #fff;
  stroke: none;
}

.c1 {
  border-radius: 5px;
  -webkit-transition: 25ms ease-out;
  transition: 25ms ease-out;
  padding: 0.5em 0.75em;
  font-family: Helvetica Neue,Helvetica,Arial,sans-serif;
  background-color: #1a7576;
  border-color: #1a7576;
}

.c1:hover,
.c1:active {
  background-color: #114c4c;
  border-color: #114c4c;
}

<Component
  circle={true}
  link="http://sharingbuttons.io"
  medium={true}
  message="I am so cool"
>
  <ButtonFactory
    buttonComponent={
      Object {
        "$$typeof": Symbol(react.forward_ref),
        "attrs": Array [],
        "componentStyle": ComponentStyle {
          "componentId": "sc-gZMcBi",
          "isStatic": true,
          "lastClassName": "c1",
          "rules": Array [
            "
  border-radius: 5px;
  transition: 25ms ease-out;
  padding: 0.5em 0.75em;
  font-family: Helvetica Neue, Helvetica, Arial, sans-serif;
",
            "
  background-color: #1a7576;
  border-color: #1a7576;

  &:hover,
  &:active {
    background-color: #114c4c;
    border-color: #114c4c;
  }
",
          ],
        },
        "displayName": "Styled(styled.div)",
        "render": [Function],
        "styledComponentId": "sc-gZMcBi",
        "target": "div",
        "toString": [Function],
        "warnTooManyClasses": [Function],
        "withComponent": [Function],
      }
    }
    circle={true}
    href="https://www.xing.com/app/user?op=share;url=http%3A%2F%2Fsharingbuttons.io;title=I%20am%20so%20cool."
    iconCircle={[Function]}
    iconCircleSolid={[Function]}
    iconFill={[Function]}
    medium={true}
    name="Xing"
  >
    <ForwardRef
      aria-label="Share on Xing"
      href="https://www.xing.com/app/user?op=share;url=http%3A%2F%2Fsharingbuttons.io;title=I%20am%20so%20cool."
      rel="noreferrer noopener"
      target="_blank"
      title="Share on Xing"
    >
      <StyledComponent
        aria-label="Share on Xing"
        forwardedClass={
          Object {
            "$$typeof": Symbol(react.forward_ref),
            "attrs": Array [],
            "componentStyle": ComponentStyle {
              "componentId": "sc-bwzfXH",
              "isStatic": false,
              "lastClassName": "c0",
              "rules": Array [
                "
  text-decoration: none;
  color: #fff;
  margin: 0.5em;
  display: inline-block;

  svg {
    width: 1em;
    height: 1em;
    vertical-align: top;

    &:not(:only-child) {
      margin-right: 0.4em;
    }
  }

  ",
                [Function],
                ";

  ",
                [Function],
                ";

  ",
                [Function],
                ";
",
              ],
            },
            "displayName": "styled.a",
            "render": [Function],
            "styledComponentId": "sc-bwzfXH",
            "target": "a",
            "toString": [Function],
            "warnTooManyClasses": [Function],
            "withComponent": [Function],
          }
        }
        forwardedRef={null}
        href="https://www.xing.com/app/user?op=share;url=http%3A%2F%2Fsharingbuttons.io;title=I%20am%20so%20cool."
        rel="noreferrer noopener"
        target="_blank"
        title="Share on Xing"
      >
        <a
          aria-label="Share on Xing"
          className="c0"
          href="https://www.xing.com/app/user?op=share;url=http%3A%2F%2Fsharingbuttons.io;title=I%20am%20so%20cool."
          rel="noreferrer noopener"
          target="_blank"
          title="Share on Xing"
        >
          <ForwardRef>
            <StyledComponent
              forwardedClass={
                Object {
                  "$$typeof": Symbol(react.forward_ref),
                  "attrs": Array [],
                  "componentStyle": ComponentStyle {
                    "componentId": "sc-gZMcBi",
                    "isStatic": true,
                    "lastClassName": "c1",
                    "rules": Array [
                      "
  border-radius: 5px;
  transition: 25ms ease-out;
  padding: 0.5em 0.75em;
  font-family: Helvetica Neue, Helvetica, Arial, sans-serif;
",
                      "
  background-color: #1a7576;
  border-color: #1a7576;

  &:hover,
  &:active {
    background-color: #114c4c;
    border-color: #114c4c;
  }
",
                    ],
                  },
                  "displayName": "Styled(styled.div)",
                  "render": [Function],
                  "styledComponentId": "sc-gZMcBi",
                  "target": "div",
                  "toString": [Function],
                  "warnTooManyClasses": [Function],
                  "withComponent": [Function],
                }
              }
              forwardedRef={null}
            >
              <div
                className="c1"
              >
                <ForwardRef
                  aria-hidden="true"
                >
                  <StyledComponent
                    aria-hidden="true"
                    forwardedClass={
                      Object {
                        "$$typeof": Symbol(react.forward_ref),
                        "attrs": Array [],
                        "componentStyle": ComponentStyle {
                          "componentId": "sc-htpNat",
                          "isStatic": false,
                          "lastClassName": "c2",
                          "rules": Array [
                            "
  display: flex;
  align-items: center;
  fill: #fff;
  stroke: none ",
                            [Function],
                            ";
",
                          ],
                        },
                        "displayName": "styled.div",
                        "render": [Function],
                        "styledComponentId": "sc-htpNat",
                        "target": "div",
                        "toString": [Function],
                        "warnTooManyClasses": [Function],
                        "withComponent": [Function],
                      }
                    }
                    forwardedRef={null}
                  >
                    <div
                      aria-hidden="true"
                      className="c2"
                    >
                      <svg
                        viewBox="0 0 24 24"
                        xmlns="http://www.w3.org/2000/svg"
                      >
                        <circle
                          cx="12"
                          cy="12"
                          r="11.5"
                        />
                        <path
                          d="M8.4 8.5h-3L7 11.3l-2.2 3.2h3l2.3-3.2zm10-3h-3.2l-5 8.5 3.2 5.5h3.3l-3-5.5z"
                        />
                      </svg>
                       
                      <span>
                        Xing
                      </span>
                    </div>
                  </StyledComponent>
                </ForwardRef>
              </div>
            </StyledComponent>
          </ForwardRef>
        </a>
      </StyledComponent>
    </ForwardRef>
  </ButtonFactory>
</Component>
`;

exports[`Xing 6 1`] = `
.c0 {
  -webkit-text-decoration: none;
  text-decoration: none;
  color: #fff;
  margin: 0.5em;
  display: inline-block;
}

.c0 svg {
  width: 1em;
  height: 1em;
  vertical-align: top;
}

.c0 svg:not(:only-child) {
  margin-right: 0.4em;
}

.c2 {
  display: -webkit-box;
  display: -webkit-flex;
  display: -ms-flexbox;
  display: flex;
  -webkit-align-items: center;
  -webkit-box-align: center;
  -ms-flex-align: center;
  align-items: center;
  fill: #fff;
  stroke: none;
}

.c1 {
  border-radius: 5px;
  -webkit-transition: 25ms ease-out;
  transition: 25ms ease-out;
  padding: 0.5em 0.75em;
  font-family: Helvetica Neue,Helvetica,Arial,sans-serif;
  background-color: #1a7576;
  border-color: #1a7576;
}

.c1:hover,
.c1:active {
  background-color: #114c4c;
  border-color: #114c4c;
}

<Component
  circle={true}
  link="http://sharingbuttons.io"
  message="I am so cool"
  small={true}
>
  <ButtonFactory
    buttonComponent={
      Object {
        "$$typeof": Symbol(react.forward_ref),
        "attrs": Array [],
        "componentStyle": ComponentStyle {
          "componentId": "sc-gZMcBi",
          "isStatic": true,
          "lastClassName": "c1",
          "rules": Array [
            "
  border-radius: 5px;
  transition: 25ms ease-out;
  padding: 0.5em 0.75em;
  font-family: Helvetica Neue, Helvetica, Arial, sans-serif;
",
            "
  background-color: #1a7576;
  border-color: #1a7576;

  &:hover,
  &:active {
    background-color: #114c4c;
    border-color: #114c4c;
  }
",
          ],
        },
        "displayName": "Styled(styled.div)",
        "render": [Function],
        "styledComponentId": "sc-gZMcBi",
        "target": "div",
        "toString": [Function],
        "warnTooManyClasses": [Function],
        "withComponent": [Function],
      }
    }
    circle={true}
    href="https://www.xing.com/app/user?op=share;url=http%3A%2F%2Fsharingbuttons.io;title=I%20am%20so%20cool."
    iconCircle={[Function]}
    iconCircleSolid={[Function]}
    iconFill={[Function]}
    name="Xing"
    small={true}
  >
    <ForwardRef
      aria-label="Share on Xing"
      href="https://www.xing.com/app/user?op=share;url=http%3A%2F%2Fsharingbuttons.io;title=I%20am%20so%20cool."
      rel="noreferrer noopener"
      target="_blank"
      title="Share on Xing"
    >
      <StyledComponent
        aria-label="Share on Xing"
        forwardedClass={
          Object {
            "$$typeof": Symbol(react.forward_ref),
            "attrs": Array [],
            "componentStyle": ComponentStyle {
              "componentId": "sc-bwzfXH",
              "isStatic": false,
              "lastClassName": "c0",
              "rules": Array [
                "
  text-decoration: none;
  color: #fff;
  margin: 0.5em;
  display: inline-block;

  svg {
    width: 1em;
    height: 1em;
    vertical-align: top;

    &:not(:only-child) {
      margin-right: 0.4em;
    }
  }

  ",
                [Function],
                ";

  ",
                [Function],
                ";

  ",
                [Function],
                ";
",
              ],
            },
            "displayName": "styled.a",
            "render": [Function],
            "styledComponentId": "sc-bwzfXH",
            "target": "a",
            "toString": [Function],
            "warnTooManyClasses": [Function],
            "withComponent": [Function],
          }
        }
        forwardedRef={null}
        href="https://www.xing.com/app/user?op=share;url=http%3A%2F%2Fsharingbuttons.io;title=I%20am%20so%20cool."
        rel="noreferrer noopener"
        target="_blank"
        title="Share on Xing"
      >
        <a
          aria-label="Share on Xing"
          className="c0"
          href="https://www.xing.com/app/user?op=share;url=http%3A%2F%2Fsharingbuttons.io;title=I%20am%20so%20cool."
          rel="noreferrer noopener"
          target="_blank"
          title="Share on Xing"
        >
          <ForwardRef
            small={true}
          >
            <StyledComponent
              forwardedClass={
                Object {
                  "$$typeof": Symbol(react.forward_ref),
                  "attrs": Array [],
                  "componentStyle": ComponentStyle {
                    "componentId": "sc-gZMcBi",
                    "isStatic": true,
                    "lastClassName": "c1",
                    "rules": Array [
                      "
  border-radius: 5px;
  transition: 25ms ease-out;
  padding: 0.5em 0.75em;
  font-family: Helvetica Neue, Helvetica, Arial, sans-serif;
",
                      "
  background-color: #1a7576;
  border-color: #1a7576;

  &:hover,
  &:active {
    background-color: #114c4c;
    border-color: #114c4c;
  }
",
                    ],
                  },
                  "displayName": "Styled(styled.div)",
                  "render": [Function],
                  "styledComponentId": "sc-gZMcBi",
                  "target": "div",
                  "toString": [Function],
                  "warnTooManyClasses": [Function],
                  "withComponent": [Function],
                }
              }
              forwardedRef={null}
              small={true}
            >
              <div
                className="c1"
              >
                <ForwardRef
                  aria-hidden="true"
                >
                  <StyledComponent
                    aria-hidden="true"
                    forwardedClass={
                      Object {
                        "$$typeof": Symbol(react.forward_ref),
                        "attrs": Array [],
                        "componentStyle": ComponentStyle {
                          "componentId": "sc-htpNat",
                          "isStatic": false,
                          "lastClassName": "c2",
                          "rules": Array [
                            "
  display: flex;
  align-items: center;
  fill: #fff;
  stroke: none ",
                            [Function],
                            ";
",
                          ],
                        },
                        "displayName": "styled.div",
                        "render": [Function],
                        "styledComponentId": "sc-htpNat",
                        "target": "div",
                        "toString": [Function],
                        "warnTooManyClasses": [Function],
                        "withComponent": [Function],
                      }
                    }
                    forwardedRef={null}
                  >
                    <div
                      aria-hidden="true"
                      className="c2"
                    >
                      <svg
                        viewBox="0 0 24 24"
                        xmlns="http://www.w3.org/2000/svg"
                      >
                        <circle
                          cx="12"
                          cy="12"
                          r="11.5"
                        />
                        <path
                          d="M8.4 8.5h-3L7 11.3l-2.2 3.2h3l2.3-3.2zm10-3h-3.2l-5 8.5 3.2 5.5h3.3l-3-5.5z"
                        />
                      </svg>
                       
                    </div>
                  </StyledComponent>
                </ForwardRef>
              </div>
            </StyledComponent>
          </ForwardRef>
        </a>
      </StyledComponent>
    </ForwardRef>
  </ButtonFactory>
</Component>
`;

exports[`Xing 7 1`] = `
.c0 {
  -webkit-text-decoration: none;
  text-decoration: none;
  color: #fff;
  margin: 0.5em;
  display: inline-block;
}

.c0 svg {
  width: 1em;
  height: 1em;
  vertical-align: top;
}

.c0 svg:not(:only-child) {
  margin-right: 0.4em;
}

.c2 {
  display: -webkit-box;
  display: -webkit-flex;
  display: -ms-flexbox;
  display: flex;
  -webkit-align-items: center;
  -webkit-box-align: center;
  -ms-flex-align: center;
  align-items: center;
  fill: #fff;
  stroke: none;
  fill: #fff;
  stroke: none;
}

.c1 {
  border-radius: 5px;
  -webkit-transition: 25ms ease-out;
  transition: 25ms ease-out;
  padding: 0.5em 0.75em;
  font-family: Helvetica Neue,Helvetica,Arial,sans-serif;
  background-color: #1a7576;
  border-color: #1a7576;
}

.c1:hover,
.c1:active {
  background-color: #114c4c;
  border-color: #114c4c;
}

<Component
  big={true}
  link="http://sharingbuttons.io"
  message="I am so cool"
  solid={true}
>
  <ButtonFactory
    big={true}
    buttonComponent={
      Object {
        "$$typeof": Symbol(react.forward_ref),
        "attrs": Array [],
        "componentStyle": ComponentStyle {
          "componentId": "sc-gZMcBi",
          "isStatic": true,
          "lastClassName": "c1",
          "rules": Array [
            "
  border-radius: 5px;
  transition: 25ms ease-out;
  padding: 0.5em 0.75em;
  font-family: Helvetica Neue, Helvetica, Arial, sans-serif;
",
            "
  background-color: #1a7576;
  border-color: #1a7576;

  &:hover,
  &:active {
    background-color: #114c4c;
    border-color: #114c4c;
  }
",
          ],
        },
        "displayName": "Styled(styled.div)",
        "render": [Function],
        "styledComponentId": "sc-gZMcBi",
        "target": "div",
        "toString": [Function],
        "warnTooManyClasses": [Function],
        "withComponent": [Function],
      }
    }
    href="https://www.xing.com/app/user?op=share;url=http%3A%2F%2Fsharingbuttons.io;title=I%20am%20so%20cool."
    iconCircle={[Function]}
    iconCircleSolid={[Function]}
    iconFill={[Function]}
    name="Xing"
    solid={true}
  >
    <ForwardRef
      aria-label="Share on Xing"
      href="https://www.xing.com/app/user?op=share;url=http%3A%2F%2Fsharingbuttons.io;title=I%20am%20so%20cool."
      rel="noreferrer noopener"
      target="_blank"
      title="Share on Xing"
    >
      <StyledComponent
        aria-label="Share on Xing"
        forwardedClass={
          Object {
            "$$typeof": Symbol(react.forward_ref),
            "attrs": Array [],
            "componentStyle": ComponentStyle {
              "componentId": "sc-bwzfXH",
              "isStatic": false,
              "lastClassName": "c0",
              "rules": Array [
                "
  text-decoration: none;
  color: #fff;
  margin: 0.5em;
  display: inline-block;

  svg {
    width: 1em;
    height: 1em;
    vertical-align: top;

    &:not(:only-child) {
      margin-right: 0.4em;
    }
  }

  ",
                [Function],
                ";

  ",
                [Function],
                ";

  ",
                [Function],
                ";
",
              ],
            },
            "displayName": "styled.a",
            "render": [Function],
            "styledComponentId": "sc-bwzfXH",
            "target": "a",
            "toString": [Function],
            "warnTooManyClasses": [Function],
            "withComponent": [Function],
          }
        }
        forwardedRef={null}
        href="https://www.xing.com/app/user?op=share;url=http%3A%2F%2Fsharingbuttons.io;title=I%20am%20so%20cool."
        rel="noreferrer noopener"
        target="_blank"
        title="Share on Xing"
      >
        <a
          aria-label="Share on Xing"
          className="c0"
          href="https://www.xing.com/app/user?op=share;url=http%3A%2F%2Fsharingbuttons.io;title=I%20am%20so%20cool."
          rel="noreferrer noopener"
          target="_blank"
          title="Share on Xing"
        >
          <ForwardRef>
            <StyledComponent
              forwardedClass={
                Object {
                  "$$typeof": Symbol(react.forward_ref),
                  "attrs": Array [],
                  "componentStyle": ComponentStyle {
                    "componentId": "sc-gZMcBi",
                    "isStatic": true,
                    "lastClassName": "c1",
                    "rules": Array [
                      "
  border-radius: 5px;
  transition: 25ms ease-out;
  padding: 0.5em 0.75em;
  font-family: Helvetica Neue, Helvetica, Arial, sans-serif;
",
                      "
  background-color: #1a7576;
  border-color: #1a7576;

  &:hover,
  &:active {
    background-color: #114c4c;
    border-color: #114c4c;
  }
",
                    ],
                  },
                  "displayName": "Styled(styled.div)",
                  "render": [Function],
                  "styledComponentId": "sc-gZMcBi",
                  "target": "div",
                  "toString": [Function],
                  "warnTooManyClasses": [Function],
                  "withComponent": [Function],
                }
              }
              forwardedRef={null}
            >
              <div
                className="c1"
              >
                <ForwardRef
                  aria-hidden="true"
                  solid={true}
                >
                  <StyledComponent
                    aria-hidden="true"
                    forwardedClass={
                      Object {
                        "$$typeof": Symbol(react.forward_ref),
                        "attrs": Array [],
                        "componentStyle": ComponentStyle {
                          "componentId": "sc-htpNat",
                          "isStatic": false,
                          "lastClassName": "c2",
                          "rules": Array [
                            "
  display: flex;
  align-items: center;
  fill: #fff;
  stroke: none ",
                            [Function],
                            ";
",
                          ],
                        },
                        "displayName": "styled.div",
                        "render": [Function],
                        "styledComponentId": "sc-htpNat",
                        "target": "div",
                        "toString": [Function],
                        "warnTooManyClasses": [Function],
                        "withComponent": [Function],
                      }
                    }
                    forwardedRef={null}
                    solid={true}
                  >
                    <div
                      aria-hidden="true"
                      className="c2"
                    >
                      <svg
                        viewBox="0 0 24 24"
                        xmlns="http://www.w3.org/2000/svg"
                      >
                        <path
                          d="M10.2 9.7l-3-5.4C7.2 4 7 4 6.8 4h-5c-.3 0-.4 0-.5.2v.5L4 10 .4 16v.5c0 .2.2.3.4.3h5c.3 0 .4 0 .5-.2l4-6.6v-.5zM24 .2l-.5-.2H18s-.2 0-.3.3l-8 14v.4l5.2 9c0 .2 0 .3.3.3h5.4s.3 0 .4-.2c.2-.2.2-.4 0-.5l-5-8.8L24 .7V.2z"
                        />
                      </svg>
                       
                      <span>
                        Share on Xing
                      </span>
                    </div>
                  </StyledComponent>
                </ForwardRef>
              </div>
            </StyledComponent>
          </ForwardRef>
        </a>
      </StyledComponent>
    </ForwardRef>
  </ButtonFactory>
</Component>
`;

exports[`Xing 8 1`] = `
.c0 {
  -webkit-text-decoration: none;
  text-decoration: none;
  color: #fff;
  margin: 0.5em;
  display: inline-block;
}

.c0 svg {
  width: 1em;
  height: 1em;
  vertical-align: top;
}

.c0 svg:not(:only-child) {
  margin-right: 0.4em;
}

.c2 {
  display: -webkit-box;
  display: -webkit-flex;
  display: -ms-flexbox;
  display: flex;
  -webkit-align-items: center;
  -webkit-box-align: center;
  -ms-flex-align: center;
  align-items: center;
  fill: #fff;
  stroke: none;
  fill: #fff;
  stroke: none;
}

.c1 {
  border-radius: 5px;
  -webkit-transition: 25ms ease-out;
  transition: 25ms ease-out;
  padding: 0.5em 0.75em;
  font-family: Helvetica Neue,Helvetica,Arial,sans-serif;
  background-color: #1a7576;
  border-color: #1a7576;
}

.c1:hover,
.c1:active {
  background-color: #114c4c;
  border-color: #114c4c;
}

<Component
  link="http://sharingbuttons.io"
  medium={true}
  message="I am so cool"
  solid={true}
>
  <ButtonFactory
    buttonComponent={
      Object {
        "$$typeof": Symbol(react.forward_ref),
        "attrs": Array [],
        "componentStyle": ComponentStyle {
          "componentId": "sc-gZMcBi",
          "isStatic": true,
          "lastClassName": "c1",
          "rules": Array [
            "
  border-radius: 5px;
  transition: 25ms ease-out;
  padding: 0.5em 0.75em;
  font-family: Helvetica Neue, Helvetica, Arial, sans-serif;
",
            "
  background-color: #1a7576;
  border-color: #1a7576;

  &:hover,
  &:active {
    background-color: #114c4c;
    border-color: #114c4c;
  }
",
          ],
        },
        "displayName": "Styled(styled.div)",
        "render": [Function],
        "styledComponentId": "sc-gZMcBi",
        "target": "div",
        "toString": [Function],
        "warnTooManyClasses": [Function],
        "withComponent": [Function],
      }
    }
    href="https://www.xing.com/app/user?op=share;url=http%3A%2F%2Fsharingbuttons.io;title=I%20am%20so%20cool."
    iconCircle={[Function]}
    iconCircleSolid={[Function]}
    iconFill={[Function]}
    medium={true}
    name="Xing"
    solid={true}
  >
    <ForwardRef
      aria-label="Share on Xing"
      href="https://www.xing.com/app/user?op=share;url=http%3A%2F%2Fsharingbuttons.io;title=I%20am%20so%20cool."
      rel="noreferrer noopener"
      target="_blank"
      title="Share on Xing"
    >
      <StyledComponent
        aria-label="Share on Xing"
        forwardedClass={
          Object {
            "$$typeof": Symbol(react.forward_ref),
            "attrs": Array [],
            "componentStyle": ComponentStyle {
              "componentId": "sc-bwzfXH",
              "isStatic": false,
              "lastClassName": "c0",
              "rules": Array [
                "
  text-decoration: none;
  color: #fff;
  margin: 0.5em;
  display: inline-block;

  svg {
    width: 1em;
    height: 1em;
    vertical-align: top;

    &:not(:only-child) {
      margin-right: 0.4em;
    }
  }

  ",
                [Function],
                ";

  ",
                [Function],
                ";

  ",
                [Function],
                ";
",
              ],
            },
            "displayName": "styled.a",
            "render": [Function],
            "styledComponentId": "sc-bwzfXH",
            "target": "a",
            "toString": [Function],
            "warnTooManyClasses": [Function],
            "withComponent": [Function],
          }
        }
        forwardedRef={null}
        href="https://www.xing.com/app/user?op=share;url=http%3A%2F%2Fsharingbuttons.io;title=I%20am%20so%20cool."
        rel="noreferrer noopener"
        target="_blank"
        title="Share on Xing"
      >
        <a
          aria-label="Share on Xing"
          className="c0"
          href="https://www.xing.com/app/user?op=share;url=http%3A%2F%2Fsharingbuttons.io;title=I%20am%20so%20cool."
          rel="noreferrer noopener"
          target="_blank"
          title="Share on Xing"
        >
          <ForwardRef>
            <StyledComponent
              forwardedClass={
                Object {
                  "$$typeof": Symbol(react.forward_ref),
                  "attrs": Array [],
                  "componentStyle": ComponentStyle {
                    "componentId": "sc-gZMcBi",
                    "isStatic": true,
                    "lastClassName": "c1",
                    "rules": Array [
                      "
  border-radius: 5px;
  transition: 25ms ease-out;
  padding: 0.5em 0.75em;
  font-family: Helvetica Neue, Helvetica, Arial, sans-serif;
",
                      "
  background-color: #1a7576;
  border-color: #1a7576;

  &:hover,
  &:active {
    background-color: #114c4c;
    border-color: #114c4c;
  }
",
                    ],
                  },
                  "displayName": "Styled(styled.div)",
                  "render": [Function],
                  "styledComponentId": "sc-gZMcBi",
                  "target": "div",
                  "toString": [Function],
                  "warnTooManyClasses": [Function],
                  "withComponent": [Function],
                }
              }
              forwardedRef={null}
            >
              <div
                className="c1"
              >
                <ForwardRef
                  aria-hidden="true"
                  solid={true}
                >
                  <StyledComponent
                    aria-hidden="true"
                    forwardedClass={
                      Object {
                        "$$typeof": Symbol(react.forward_ref),
                        "attrs": Array [],
                        "componentStyle": ComponentStyle {
                          "componentId": "sc-htpNat",
                          "isStatic": false,
                          "lastClassName": "c2",
                          "rules": Array [
                            "
  display: flex;
  align-items: center;
  fill: #fff;
  stroke: none ",
                            [Function],
                            ";
",
                          ],
                        },
                        "displayName": "styled.div",
                        "render": [Function],
                        "styledComponentId": "sc-htpNat",
                        "target": "div",
                        "toString": [Function],
                        "warnTooManyClasses": [Function],
                        "withComponent": [Function],
                      }
                    }
                    forwardedRef={null}
                    solid={true}
                  >
                    <div
                      aria-hidden="true"
                      className="c2"
                    >
                      <svg
                        viewBox="0 0 24 24"
                        xmlns="http://www.w3.org/2000/svg"
                      >
                        <path
                          d="M10.2 9.7l-3-5.4C7.2 4 7 4 6.8 4h-5c-.3 0-.4 0-.5.2v.5L4 10 .4 16v.5c0 .2.2.3.4.3h5c.3 0 .4 0 .5-.2l4-6.6v-.5zM24 .2l-.5-.2H18s-.2 0-.3.3l-8 14v.4l5.2 9c0 .2 0 .3.3.3h5.4s.3 0 .4-.2c.2-.2.2-.4 0-.5l-5-8.8L24 .7V.2z"
                        />
                      </svg>
                       
                      <span>
                        Xing
                      </span>
                    </div>
                  </StyledComponent>
                </ForwardRef>
              </div>
            </StyledComponent>
          </ForwardRef>
        </a>
      </StyledComponent>
    </ForwardRef>
  </ButtonFactory>
</Component>
`;

exports[`Xing 9 1`] = `
.c0 {
  -webkit-text-decoration: none;
  text-decoration: none;
  color: #fff;
  margin: 0.5em;
  display: inline-block;
}

.c0 svg {
  width: 1em;
  height: 1em;
  vertical-align: top;
}

.c0 svg:not(:only-child) {
  margin-right: 0.4em;
}

.c2 {
  display: -webkit-box;
  display: -webkit-flex;
  display: -ms-flexbox;
  display: flex;
  -webkit-align-items: center;
  -webkit-box-align: center;
  -ms-flex-align: center;
  align-items: center;
  fill: #fff;
  stroke: none;
  fill: #fff;
  stroke: none;
}

.c1 {
  border-radius: 5px;
  -webkit-transition: 25ms ease-out;
  transition: 25ms ease-out;
  padding: 0.5em 0.75em;
  font-family: Helvetica Neue,Helvetica,Arial,sans-serif;
  background-color: #1a7576;
  border-color: #1a7576;
}

.c1:hover,
.c1:active {
  background-color: #114c4c;
  border-color: #114c4c;
}

<Component
  link="http://sharingbuttons.io"
  message="I am so cool"
  small={true}
  solid={true}
>
  <ButtonFactory
    buttonComponent={
      Object {
        "$$typeof": Symbol(react.forward_ref),
        "attrs": Array [],
        "componentStyle": ComponentStyle {
          "componentId": "sc-gZMcBi",
          "isStatic": true,
          "lastClassName": "c1",
          "rules": Array [
            "
  border-radius: 5px;
  transition: 25ms ease-out;
  padding: 0.5em 0.75em;
  font-family: Helvetica Neue, Helvetica, Arial, sans-serif;
",
            "
  background-color: #1a7576;
  border-color: #1a7576;

  &:hover,
  &:active {
    background-color: #114c4c;
    border-color: #114c4c;
  }
",
          ],
        },
        "displayName": "Styled(styled.div)",
        "render": [Function],
        "styledComponentId": "sc-gZMcBi",
        "target": "div",
        "toString": [Function],
        "warnTooManyClasses": [Function],
        "withComponent": [Function],
      }
    }
    href="https://www.xing.com/app/user?op=share;url=http%3A%2F%2Fsharingbuttons.io;title=I%20am%20so%20cool."
    iconCircle={[Function]}
    iconCircleSolid={[Function]}
    iconFill={[Function]}
    name="Xing"
    small={true}
    solid={true}
  >
    <ForwardRef
      aria-label="Share on Xing"
      href="https://www.xing.com/app/user?op=share;url=http%3A%2F%2Fsharingbuttons.io;title=I%20am%20so%20cool."
      rel="noreferrer noopener"
      target="_blank"
      title="Share on Xing"
    >
      <StyledComponent
        aria-label="Share on Xing"
        forwardedClass={
          Object {
            "$$typeof": Symbol(react.forward_ref),
            "attrs": Array [],
            "componentStyle": ComponentStyle {
              "componentId": "sc-bwzfXH",
              "isStatic": false,
              "lastClassName": "c0",
              "rules": Array [
                "
  text-decoration: none;
  color: #fff;
  margin: 0.5em;
  display: inline-block;

  svg {
    width: 1em;
    height: 1em;
    vertical-align: top;

    &:not(:only-child) {
      margin-right: 0.4em;
    }
  }

  ",
                [Function],
                ";

  ",
                [Function],
                ";

  ",
                [Function],
                ";
",
              ],
            },
            "displayName": "styled.a",
            "render": [Function],
            "styledComponentId": "sc-bwzfXH",
            "target": "a",
            "toString": [Function],
            "warnTooManyClasses": [Function],
            "withComponent": [Function],
          }
        }
        forwardedRef={null}
        href="https://www.xing.com/app/user?op=share;url=http%3A%2F%2Fsharingbuttons.io;title=I%20am%20so%20cool."
        rel="noreferrer noopener"
        target="_blank"
        title="Share on Xing"
      >
        <a
          aria-label="Share on Xing"
          className="c0"
          href="https://www.xing.com/app/user?op=share;url=http%3A%2F%2Fsharingbuttons.io;title=I%20am%20so%20cool."
          rel="noreferrer noopener"
          target="_blank"
          title="Share on Xing"
        >
          <ForwardRef
            small={true}
          >
            <StyledComponent
              forwardedClass={
                Object {
                  "$$typeof": Symbol(react.forward_ref),
                  "attrs": Array [],
                  "componentStyle": ComponentStyle {
                    "componentId": "sc-gZMcBi",
                    "isStatic": true,
                    "lastClassName": "c1",
                    "rules": Array [
                      "
  border-radius: 5px;
  transition: 25ms ease-out;
  padding: 0.5em 0.75em;
  font-family: Helvetica Neue, Helvetica, Arial, sans-serif;
",
                      "
  background-color: #1a7576;
  border-color: #1a7576;

  &:hover,
  &:active {
    background-color: #114c4c;
    border-color: #114c4c;
  }
",
                    ],
                  },
                  "displayName": "Styled(styled.div)",
                  "render": [Function],
                  "styledComponentId": "sc-gZMcBi",
                  "target": "div",
                  "toString": [Function],
                  "warnTooManyClasses": [Function],
                  "withComponent": [Function],
                }
              }
              forwardedRef={null}
              small={true}
            >
              <div
                className="c1"
              >
                <ForwardRef
                  aria-hidden="true"
                  solid={true}
                >
                  <StyledComponent
                    aria-hidden="true"
                    forwardedClass={
                      Object {
                        "$$typeof": Symbol(react.forward_ref),
                        "attrs": Array [],
                        "componentStyle": ComponentStyle {
                          "componentId": "sc-htpNat",
                          "isStatic": false,
                          "lastClassName": "c2",
                          "rules": Array [
                            "
  display: flex;
  align-items: center;
  fill: #fff;
  stroke: none ",
                            [Function],
                            ";
",
                          ],
                        },
                        "displayName": "styled.div",
                        "render": [Function],
                        "styledComponentId": "sc-htpNat",
                        "target": "div",
                        "toString": [Function],
                        "warnTooManyClasses": [Function],
                        "withComponent": [Function],
                      }
                    }
                    forwardedRef={null}
                    solid={true}
                  >
                    <div
                      aria-hidden="true"
                      className="c2"
                    >
                      <svg
                        viewBox="0 0 24 24"
                        xmlns="http://www.w3.org/2000/svg"
                      >
                        <path
                          d="M10.2 9.7l-3-5.4C7.2 4 7 4 6.8 4h-5c-.3 0-.4 0-.5.2v.5L4 10 .4 16v.5c0 .2.2.3.4.3h5c.3 0 .4 0 .5-.2l4-6.6v-.5zM24 .2l-.5-.2H18s-.2 0-.3.3l-8 14v.4l5.2 9c0 .2 0 .3.3.3h5.4s.3 0 .4-.2c.2-.2.2-.4 0-.5l-5-8.8L24 .7V.2z"
                        />
                      </svg>
                       
                    </div>
                  </StyledComponent>
                </ForwardRef>
              </div>
            </StyledComponent>
          </ForwardRef>
        </a>
      </StyledComponent>
    </ForwardRef>
  </ButtonFactory>
</Component>
`;

exports[`Xing 11 1`] = `
.c0 {
  -webkit-text-decoration: none;
  text-decoration: none;
  color: #fff;
  margin: 0.5em;
  display: inline-block;
}

.c0 svg {
  width: 1em;
  height: 1em;
  vertical-align: top;
}

.c0 svg:not(:only-child) {
  margin-right: 0.4em;
}

.c2 {
  display: -webkit-box;
  display: -webkit-flex;
  display: -ms-flexbox;
  display: flex;
  -webkit-align-items: center;
  -webkit-box-align: center;
  -ms-flex-align: center;
  align-items: center;
  fill: #fff;
  stroke: none;
}

.c1 {
  border-radius: 5px;
  -webkit-transition: 25ms ease-out;
  transition: 25ms ease-out;
  padding: 0.5em 0.75em;
  font-family: Helvetica Neue,Helvetica,Arial,sans-serif;
  background-color: #1a7576;
  border-color: #1a7576;
}

.c1:hover,
.c1:active {
  background-color: #114c4c;
  border-color: #114c4c;
}

<Component
  circle={true}
>
  <ButtonFactory
    buttonComponent={
      Object {
        "$$typeof": Symbol(react.forward_ref),
        "attrs": Array [],
        "componentStyle": ComponentStyle {
          "componentId": "sc-gZMcBi",
          "isStatic": true,
          "lastClassName": "c1",
          "rules": Array [
            "
  border-radius: 5px;
  transition: 25ms ease-out;
  padding: 0.5em 0.75em;
  font-family: Helvetica Neue, Helvetica, Arial, sans-serif;
",
            "
  background-color: #1a7576;
  border-color: #1a7576;

  &:hover,
  &:active {
    background-color: #114c4c;
    border-color: #114c4c;
  }
",
          ],
        },
        "displayName": "Styled(styled.div)",
        "render": [Function],
        "styledComponentId": "sc-gZMcBi",
        "target": "div",
        "toString": [Function],
        "warnTooManyClasses": [Function],
        "withComponent": [Function],
      }
    }
    circle={true}
    href="https://www.xing.com/app/user?op=share;url=;title=undefined."
    iconCircle={[Function]}
    iconCircleSolid={[Function]}
    iconFill={[Function]}
    name="Xing"
  >
    <ForwardRef
      aria-label="Share on Xing"
      href="https://www.xing.com/app/user?op=share;url=;title=undefined."
      rel="noreferrer noopener"
      target="_blank"
      title="Share on Xing"
    >
      <StyledComponent
        aria-label="Share on Xing"
        forwardedClass={
          Object {
            "$$typeof": Symbol(react.forward_ref),
            "attrs": Array [],
            "componentStyle": ComponentStyle {
              "componentId": "sc-bwzfXH",
              "isStatic": false,
              "lastClassName": "c0",
              "rules": Array [
                "
  text-decoration: none;
  color: #fff;
  margin: 0.5em;
  display: inline-block;

  svg {
    width: 1em;
    height: 1em;
    vertical-align: top;

    &:not(:only-child) {
      margin-right: 0.4em;
    }
  }

  ",
                [Function],
                ";

  ",
                [Function],
                ";

  ",
                [Function],
                ";
",
              ],
            },
            "displayName": "styled.a",
            "render": [Function],
            "styledComponentId": "sc-bwzfXH",
            "target": "a",
            "toString": [Function],
            "warnTooManyClasses": [Function],
            "withComponent": [Function],
          }
        }
        forwardedRef={null}
        href="https://www.xing.com/app/user?op=share;url=;title=undefined."
        rel="noreferrer noopener"
        target="_blank"
        title="Share on Xing"
      >
        <a
          aria-label="Share on Xing"
          className="c0"
          href="https://www.xing.com/app/user?op=share;url=;title=undefined."
          rel="noreferrer noopener"
          target="_blank"
          title="Share on Xing"
        >
          <ForwardRef>
            <StyledComponent
              forwardedClass={
                Object {
                  "$$typeof": Symbol(react.forward_ref),
                  "attrs": Array [],
                  "componentStyle": ComponentStyle {
                    "componentId": "sc-gZMcBi",
                    "isStatic": true,
                    "lastClassName": "c1",
                    "rules": Array [
                      "
  border-radius: 5px;
  transition: 25ms ease-out;
  padding: 0.5em 0.75em;
  font-family: Helvetica Neue, Helvetica, Arial, sans-serif;
",
                      "
  background-color: #1a7576;
  border-color: #1a7576;

  &:hover,
  &:active {
    background-color: #114c4c;
    border-color: #114c4c;
  }
",
                    ],
                  },
                  "displayName": "Styled(styled.div)",
                  "render": [Function],
                  "styledComponentId": "sc-gZMcBi",
                  "target": "div",
                  "toString": [Function],
                  "warnTooManyClasses": [Function],
                  "withComponent": [Function],
                }
              }
              forwardedRef={null}
            >
              <div
                className="c1"
              >
                <ForwardRef
                  aria-hidden="true"
                >
                  <StyledComponent
                    aria-hidden="true"
                    forwardedClass={
                      Object {
                        "$$typeof": Symbol(react.forward_ref),
                        "attrs": Array [],
                        "componentStyle": ComponentStyle {
                          "componentId": "sc-htpNat",
                          "isStatic": false,
                          "lastClassName": "c2",
                          "rules": Array [
                            "
  display: flex;
  align-items: center;
  fill: #fff;
  stroke: none ",
                            [Function],
                            ";
",
                          ],
                        },
                        "displayName": "styled.div",
                        "render": [Function],
                        "styledComponentId": "sc-htpNat",
                        "target": "div",
                        "toString": [Function],
                        "warnTooManyClasses": [Function],
                        "withComponent": [Function],
                      }
                    }
                    forwardedRef={null}
                  >
                    <div
                      aria-hidden="true"
                      className="c2"
                    >
                      <svg
                        viewBox="0 0 24 24"
                        xmlns="http://www.w3.org/2000/svg"
                      >
                        <circle
                          cx="12"
                          cy="12"
                          r="11.5"
                        />
                        <path
                          d="M8.4 8.5h-3L7 11.3l-2.2 3.2h3l2.3-3.2zm10-3h-3.2l-5 8.5 3.2 5.5h3.3l-3-5.5z"
                        />
                      </svg>
                       
                      <span>
                        Xing
                      </span>
                    </div>
                  </StyledComponent>
                </ForwardRef>
              </div>
            </StyledComponent>
          </ForwardRef>
        </a>
      </StyledComponent>
    </ForwardRef>
  </ButtonFactory>
</Component>
`;

exports[`Xing 11 2`] = `
.c0 {
  -webkit-text-decoration: none;
  text-decoration: none;
  color: #fff;
  margin: 0.5em;
  display: inline-block;
}

.c0 svg {
  width: 1em;
  height: 1em;
  vertical-align: top;
}

.c0 svg:not(:only-child) {
  margin-right: 0.4em;
}

.c2 {
  display: -webkit-box;
  display: -webkit-flex;
  display: -ms-flexbox;
  display: flex;
  -webkit-align-items: center;
  -webkit-box-align: center;
  -ms-flex-align: center;
  align-items: center;
  fill: #fff;
  stroke: none;
  fill: #fff;
  stroke: none;
}

.c1 {
  border-radius: 5px;
  -webkit-transition: 25ms ease-out;
  transition: 25ms ease-out;
  padding: 0.5em 0.75em;
  font-family: Helvetica Neue,Helvetica,Arial,sans-serif;
  background-color: #1a7576;
  border-color: #1a7576;
}

.c1:hover,
.c1:active {
  background-color: #114c4c;
  border-color: #114c4c;
}

<Component
  solidcircle={true}
>
  <ButtonFactory
    buttonComponent={
      Object {
        "$$typeof": Symbol(react.forward_ref),
        "attrs": Array [],
        "componentStyle": ComponentStyle {
          "componentId": "sc-gZMcBi",
          "isStatic": true,
          "lastClassName": "c1",
          "rules": Array [
            "
  border-radius: 5px;
  transition: 25ms ease-out;
  padding: 0.5em 0.75em;
  font-family: Helvetica Neue, Helvetica, Arial, sans-serif;
",
            "
  background-color: #1a7576;
  border-color: #1a7576;

  &:hover,
  &:active {
    background-color: #114c4c;
    border-color: #114c4c;
  }
",
          ],
        },
        "displayName": "Styled(styled.div)",
        "render": [Function],
        "styledComponentId": "sc-gZMcBi",
        "target": "div",
        "toString": [Function],
        "warnTooManyClasses": [Function],
        "withComponent": [Function],
      }
    }
    href="https://www.xing.com/app/user?op=share;url=;title=undefined."
    iconCircle={[Function]}
    iconCircleSolid={[Function]}
    iconFill={[Function]}
    name="Xing"
    solidcircle={true}
  >
    <ForwardRef
      aria-label="Share on Xing"
      href="https://www.xing.com/app/user?op=share;url=;title=undefined."
      rel="noreferrer noopener"
      target="_blank"
      title="Share on Xing"
    >
      <StyledComponent
        aria-label="Share on Xing"
        forwardedClass={
          Object {
            "$$typeof": Symbol(react.forward_ref),
            "attrs": Array [],
            "componentStyle": ComponentStyle {
              "componentId": "sc-bwzfXH",
              "isStatic": false,
              "lastClassName": "c0",
              "rules": Array [
                "
  text-decoration: none;
  color: #fff;
  margin: 0.5em;
  display: inline-block;

  svg {
    width: 1em;
    height: 1em;
    vertical-align: top;

    &:not(:only-child) {
      margin-right: 0.4em;
    }
  }

  ",
                [Function],
                ";

  ",
                [Function],
                ";

  ",
                [Function],
                ";
",
              ],
            },
            "displayName": "styled.a",
            "render": [Function],
            "styledComponentId": "sc-bwzfXH",
            "target": "a",
            "toString": [Function],
            "warnTooManyClasses": [Function],
            "withComponent": [Function],
          }
        }
        forwardedRef={null}
        href="https://www.xing.com/app/user?op=share;url=;title=undefined."
        rel="noreferrer noopener"
        target="_blank"
        title="Share on Xing"
      >
        <a
          aria-label="Share on Xing"
          className="c0"
          href="https://www.xing.com/app/user?op=share;url=;title=undefined."
          rel="noreferrer noopener"
          target="_blank"
          title="Share on Xing"
        >
          <ForwardRef
            solidcircle={true}
          >
            <StyledComponent
              forwardedClass={
                Object {
                  "$$typeof": Symbol(react.forward_ref),
                  "attrs": Array [],
                  "componentStyle": ComponentStyle {
                    "componentId": "sc-gZMcBi",
                    "isStatic": true,
                    "lastClassName": "c1",
                    "rules": Array [
                      "
  border-radius: 5px;
  transition: 25ms ease-out;
  padding: 0.5em 0.75em;
  font-family: Helvetica Neue, Helvetica, Arial, sans-serif;
",
                      "
  background-color: #1a7576;
  border-color: #1a7576;

  &:hover,
  &:active {
    background-color: #114c4c;
    border-color: #114c4c;
  }
",
                    ],
                  },
                  "displayName": "Styled(styled.div)",
                  "render": [Function],
                  "styledComponentId": "sc-gZMcBi",
                  "target": "div",
                  "toString": [Function],
                  "warnTooManyClasses": [Function],
                  "withComponent": [Function],
                }
              }
              forwardedRef={null}
              solidcircle={true}
            >
              <div
                className="c1"
              >
                <ForwardRef
                  aria-hidden="true"
                  solidcircle={true}
                >
                  <StyledComponent
                    aria-hidden="true"
                    forwardedClass={
                      Object {
                        "$$typeof": Symbol(react.forward_ref),
                        "attrs": Array [],
                        "componentStyle": ComponentStyle {
                          "componentId": "sc-htpNat",
                          "isStatic": false,
                          "lastClassName": "c2",
                          "rules": Array [
                            "
  display: flex;
  align-items: center;
  fill: #fff;
  stroke: none ",
                            [Function],
                            ";
",
                          ],
                        },
                        "displayName": "styled.div",
                        "render": [Function],
                        "styledComponentId": "sc-htpNat",
                        "target": "div",
                        "toString": [Function],
                        "warnTooManyClasses": [Function],
                        "withComponent": [Function],
                      }
                    }
                    forwardedRef={null}
                    solidcircle={true}
                  >
                    <div
                      aria-hidden="true"
                      className="c2"
                    >
                      <svg
                        viewBox="0 0 24 24"
                        xmlns="http://www.w3.org/2000/svg"
                      >
                        <path
                          d="M12 0C5.4 0 0 5.4 0 12s5.4 12 12 12 12-5.4 12-12S18.6 0 12 0zM7.8 14.5h-3L7 11.3 5.3 8.5h3l1.8 2.8L8 14.5zm9 5h-3.4l-3-5.5L15 5.5h3.2L13.6 14l3 5.5z"
                        />
                      </svg>
                       
                      <span>
                        Xing
                      </span>
                    </div>
                  </StyledComponent>
                </ForwardRef>
              </div>
            </StyledComponent>
          </ForwardRef>
        </a>
      </StyledComponent>
    </ForwardRef>
  </ButtonFactory>
</Component>
`;

exports[`Xing 12 1`] = `
.c0 {
  -webkit-text-decoration: none;
  text-decoration: none;
  color: #fff;
  margin: 0.5em;
  display: inline-block;
}

.c0 svg {
  width: 1em;
  height: 1em;
  vertical-align: top;
}

.c0 svg:not(:only-child) {
  margin-right: 0.4em;
}

.c2 {
  display: -webkit-box;
  display: -webkit-flex;
  display: -ms-flexbox;
  display: flex;
  -webkit-align-items: center;
  -webkit-box-align: center;
  -ms-flex-align: center;
  align-items: center;
  fill: #fff;
  stroke: none;
  fill: #fff;
  stroke: none;
}

.c1 {
  border-radius: 5px;
  -webkit-transition: 25ms ease-out;
  transition: 25ms ease-out;
  padding: 0.5em 0.75em;
  font-family: Helvetica Neue,Helvetica,Arial,sans-serif;
  background-color: #1a7576;
  border-color: #1a7576;
}

.c1:hover,
.c1:active {
  background-color: #114c4c;
  border-color: #114c4c;
}

<Component>
  <ButtonFactory
    buttonComponent={
      Object {
        "$$typeof": Symbol(react.forward_ref),
        "attrs": Array [],
        "componentStyle": ComponentStyle {
          "componentId": "sc-gZMcBi",
          "isStatic": true,
          "lastClassName": "c1",
          "rules": Array [
            "
  border-radius: 5px;
  transition: 25ms ease-out;
  padding: 0.5em 0.75em;
  font-family: Helvetica Neue, Helvetica, Arial, sans-serif;
",
            "
  background-color: #1a7576;
  border-color: #1a7576;

  &:hover,
  &:active {
    background-color: #114c4c;
    border-color: #114c4c;
  }
",
          ],
        },
        "displayName": "Styled(styled.div)",
        "render": [Function],
        "styledComponentId": "sc-gZMcBi",
        "target": "div",
        "toString": [Function],
        "warnTooManyClasses": [Function],
        "withComponent": [Function],
      }
    }
    href="https://www.xing.com/app/user?op=share;url=;title=undefined."
    iconCircle={[Function]}
    iconCircleSolid={[Function]}
    iconFill={[Function]}
    name="Xing"
  >
    <ForwardRef
      aria-label="Share on Xing"
      href="https://www.xing.com/app/user?op=share;url=;title=undefined."
      rel="noreferrer noopener"
      target="_blank"
      title="Share on Xing"
    >
      <StyledComponent
        aria-label="Share on Xing"
        forwardedClass={
          Object {
            "$$typeof": Symbol(react.forward_ref),
            "attrs": Array [],
            "componentStyle": ComponentStyle {
              "componentId": "sc-bwzfXH",
              "isStatic": false,
              "lastClassName": "c0",
              "rules": Array [
                "
  text-decoration: none;
  color: #fff;
  margin: 0.5em;
  display: inline-block;

  svg {
    width: 1em;
    height: 1em;
    vertical-align: top;

    &:not(:only-child) {
      margin-right: 0.4em;
    }
  }

  ",
                [Function],
                ";

  ",
                [Function],
                ";

  ",
                [Function],
                ";
",
              ],
            },
            "displayName": "styled.a",
            "render": [Function],
            "styledComponentId": "sc-bwzfXH",
            "target": "a",
            "toString": [Function],
            "warnTooManyClasses": [Function],
            "withComponent": [Function],
          }
        }
        forwardedRef={null}
        href="https://www.xing.com/app/user?op=share;url=;title=undefined."
        rel="noreferrer noopener"
        target="_blank"
        title="Share on Xing"
      >
        <a
          aria-label="Share on Xing"
          className="c0"
          href="https://www.xing.com/app/user?op=share;url=;title=undefined."
          rel="noreferrer noopener"
          target="_blank"
          title="Share on Xing"
        >
          <ForwardRef>
            <StyledComponent
              forwardedClass={
                Object {
                  "$$typeof": Symbol(react.forward_ref),
                  "attrs": Array [],
                  "componentStyle": ComponentStyle {
                    "componentId": "sc-gZMcBi",
                    "isStatic": true,
                    "lastClassName": "c1",
                    "rules": Array [
                      "
  border-radius: 5px;
  transition: 25ms ease-out;
  padding: 0.5em 0.75em;
  font-family: Helvetica Neue, Helvetica, Arial, sans-serif;
",
                      "
  background-color: #1a7576;
  border-color: #1a7576;

  &:hover,
  &:active {
    background-color: #114c4c;
    border-color: #114c4c;
  }
",
                    ],
                  },
                  "displayName": "Styled(styled.div)",
                  "render": [Function],
                  "styledComponentId": "sc-gZMcBi",
                  "target": "div",
                  "toString": [Function],
                  "warnTooManyClasses": [Function],
                  "withComponent": [Function],
                }
              }
              forwardedRef={null}
            >
              <div
                className="c1"
              >
                <ForwardRef
                  aria-hidden="true"
                  solid={true}
                >
                  <StyledComponent
                    aria-hidden="true"
                    forwardedClass={
                      Object {
                        "$$typeof": Symbol(react.forward_ref),
                        "attrs": Array [],
                        "componentStyle": ComponentStyle {
                          "componentId": "sc-htpNat",
                          "isStatic": false,
                          "lastClassName": "c2",
                          "rules": Array [
                            "
  display: flex;
  align-items: center;
  fill: #fff;
  stroke: none ",
                            [Function],
                            ";
",
                          ],
                        },
                        "displayName": "styled.div",
                        "render": [Function],
                        "styledComponentId": "sc-htpNat",
                        "target": "div",
                        "toString": [Function],
                        "warnTooManyClasses": [Function],
                        "withComponent": [Function],
                      }
                    }
                    forwardedRef={null}
                    solid={true}
                  >
                    <div
                      aria-hidden="true"
                      className="c2"
                    >
                      <svg
                        viewBox="0 0 24 24"
                        xmlns="http://www.w3.org/2000/svg"
                      >
                        <path
                          d="M10.2 9.7l-3-5.4C7.2 4 7 4 6.8 4h-5c-.3 0-.4 0-.5.2v.5L4 10 .4 16v.5c0 .2.2.3.4.3h5c.3 0 .4 0 .5-.2l4-6.6v-.5zM24 .2l-.5-.2H18s-.2 0-.3.3l-8 14v.4l5.2 9c0 .2 0 .3.3.3h5.4s.3 0 .4-.2c.2-.2.2-.4 0-.5l-5-8.8L24 .7V.2z"
                        />
                      </svg>
                       
                      <span>
                        Xing
                      </span>
                    </div>
                  </StyledComponent>
                </ForwardRef>
              </div>
            </StyledComponent>
          </ForwardRef>
        </a>
      </StyledComponent>
    </ForwardRef>
  </ButtonFactory>
</Component>
`;

exports[`Xing 13 1`] = `
.c0 {
  -webkit-text-decoration: none;
  text-decoration: none;
  color: #fff;
  margin: 0.5em;
  display: inline-block;
}

.c0 svg {
  width: 1em;
  height: 1em;
  vertical-align: top;
}

.c0 svg:not(:only-child) {
  margin-right: 0.4em;
}

.c0 svg {
  stroke: #232323;
  fill: none;
}

<Component
  simple={true}
>
  <ButtonFactory
    buttonComponent={
      Object {
        "$$typeof": Symbol(react.forward_ref),
        "attrs": Array [],
        "componentStyle": ComponentStyle {
          "componentId": "sc-gZMcBi",
          "isStatic": true,
          "lastClassName": "FVSUz",
          "rules": Array [
            "
  border-radius: 5px;
  transition: 25ms ease-out;
  padding: 0.5em 0.75em;
  font-family: Helvetica Neue, Helvetica, Arial, sans-serif;
",
            "
  background-color: #1a7576;
  border-color: #1a7576;

  &:hover,
  &:active {
    background-color: #114c4c;
    border-color: #114c4c;
  }
",
          ],
        },
        "displayName": "Styled(styled.div)",
        "render": [Function],
        "styledComponentId": "sc-gZMcBi",
        "target": "div",
        "toString": [Function],
        "warnTooManyClasses": [Function],
        "withComponent": [Function],
      }
    }
    href="https://www.xing.com/app/user?op=share;url=;title=undefined."
    iconCircle={[Function]}
    iconCircleSolid={[Function]}
    iconFill={[Function]}
    name="Xing"
    simple={true}
  >
    <ForwardRef
      aria-label="Share on Xing"
      href="https://www.xing.com/app/user?op=share;url=;title=undefined."
      rel="noreferrer noopener"
      simple={true}
      target="_blank"
      title="Share on Xing"
    >
      <StyledComponent
        aria-label="Share on Xing"
        forwardedClass={
          Object {
            "$$typeof": Symbol(react.forward_ref),
            "attrs": Array [],
            "componentStyle": ComponentStyle {
              "componentId": "sc-bwzfXH",
              "isStatic": false,
              "lastClassName": "c0",
              "rules": Array [
                "
  text-decoration: none;
  color: #fff;
  margin: 0.5em;
  display: inline-block;

  svg {
    width: 1em;
    height: 1em;
    vertical-align: top;

    &:not(:only-child) {
      margin-right: 0.4em;
    }
  }

  ",
                [Function],
                ";

  ",
                [Function],
                ";

  ",
                [Function],
                ";
",
              ],
            },
            "displayName": "styled.a",
            "render": [Function],
            "styledComponentId": "sc-bwzfXH",
            "target": "a",
            "toString": [Function],
            "warnTooManyClasses": [Function],
            "withComponent": [Function],
          }
        }
        forwardedRef={null}
        href="https://www.xing.com/app/user?op=share;url=;title=undefined."
        rel="noreferrer noopener"
        simple={true}
        target="_blank"
        title="Share on Xing"
      >
        <a
          aria-label="Share on Xing"
          className="c0"
          href="https://www.xing.com/app/user?op=share;url=;title=undefined."
          rel="noreferrer noopener"
          target="_blank"
          title="Share on Xing"
        >
          <XingIconFill>
            <svg
              viewBox="0 0 24 24"
              xmlns="http://www.w3.org/2000/svg"
            >
              <path
                d="M10.2 9.7l-3-5.4C7.2 4 7 4 6.8 4h-5c-.3 0-.4 0-.5.2v.5L4 10 .4 16v.5c0 .2.2.3.4.3h5c.3 0 .4 0 .5-.2l4-6.6v-.5zM24 .2l-.5-.2H18s-.2 0-.3.3l-8 14v.4l5.2 9c0 .2 0 .3.3.3h5.4s.3 0 .4-.2c.2-.2.2-.4 0-.5l-5-8.8L24 .7V.2z"
              />
            </svg>
          </XingIconFill>
        </a>
      </StyledComponent>
    </ForwardRef>
  </ButtonFactory>
</Component>
`;

exports[`Xing 14 1`] = `
.c0 {
  -webkit-text-decoration: none;
  text-decoration: none;
  color: #fff;
  margin: 0.5em;
  display: inline-block;
}

.c0 svg {
  width: 1em;
  height: 1em;
  vertical-align: top;
}

.c0 svg:not(:only-child) {
  margin-right: 0.4em;
}

.c0 svg {
  stroke: #fff;
  fill: none;
}

<Component
  simpleReverse={true}
>
  <ButtonFactory
    buttonComponent={
      Object {
        "$$typeof": Symbol(react.forward_ref),
        "attrs": Array [],
        "componentStyle": ComponentStyle {
          "componentId": "sc-gZMcBi",
          "isStatic": true,
          "lastClassName": "FVSUz",
          "rules": Array [
            "
  border-radius: 5px;
  transition: 25ms ease-out;
  padding: 0.5em 0.75em;
  font-family: Helvetica Neue, Helvetica, Arial, sans-serif;
",
            "
  background-color: #1a7576;
  border-color: #1a7576;

  &:hover,
  &:active {
    background-color: #114c4c;
    border-color: #114c4c;
  }
",
          ],
        },
        "displayName": "Styled(styled.div)",
        "render": [Function],
        "styledComponentId": "sc-gZMcBi",
        "target": "div",
        "toString": [Function],
        "warnTooManyClasses": [Function],
        "withComponent": [Function],
      }
    }
    href="https://www.xing.com/app/user?op=share;url=;title=undefined."
    iconCircle={[Function]}
    iconCircleSolid={[Function]}
    iconFill={[Function]}
    name="Xing"
    simpleReverse={true}
  >
    <ForwardRef
      aria-label="Share on Xing"
      href="https://www.xing.com/app/user?op=share;url=;title=undefined."
      rel="noreferrer noopener"
      simpleReverse={true}
      target="_blank"
      title="Share on Xing"
    >
      <StyledComponent
        aria-label="Share on Xing"
        forwardedClass={
          Object {
            "$$typeof": Symbol(react.forward_ref),
            "attrs": Array [],
            "componentStyle": ComponentStyle {
              "componentId": "sc-bwzfXH",
              "isStatic": false,
              "lastClassName": "c0",
              "rules": Array [
                "
  text-decoration: none;
  color: #fff;
  margin: 0.5em;
  display: inline-block;

  svg {
    width: 1em;
    height: 1em;
    vertical-align: top;

    &:not(:only-child) {
      margin-right: 0.4em;
    }
  }

  ",
                [Function],
                ";

  ",
                [Function],
                ";

  ",
                [Function],
                ";
",
              ],
            },
            "displayName": "styled.a",
            "render": [Function],
            "styledComponentId": "sc-bwzfXH",
            "target": "a",
            "toString": [Function],
            "warnTooManyClasses": [Function],
            "withComponent": [Function],
          }
        }
        forwardedRef={null}
        href="https://www.xing.com/app/user?op=share;url=;title=undefined."
        rel="noreferrer noopener"
        simpleReverse={true}
        target="_blank"
        title="Share on Xing"
      >
        <a
          aria-label="Share on Xing"
          className="c0"
          href="https://www.xing.com/app/user?op=share;url=;title=undefined."
          rel="noreferrer noopener"
          target="_blank"
          title="Share on Xing"
        >
          <XingIconFill>
            <svg
              viewBox="0 0 24 24"
              xmlns="http://www.w3.org/2000/svg"
            >
              <path
                d="M10.2 9.7l-3-5.4C7.2 4 7 4 6.8 4h-5c-.3 0-.4 0-.5.2v.5L4 10 .4 16v.5c0 .2.2.3.4.3h5c.3 0 .4 0 .5-.2l4-6.6v-.5zM24 .2l-.5-.2H18s-.2 0-.3.3l-8 14v.4l5.2 9c0 .2 0 .3.3.3h5.4s.3 0 .4-.2c.2-.2.2-.4 0-.5l-5-8.8L24 .7V.2z"
              />
            </svg>
          </XingIconFill>
        </a>
      </StyledComponent>
    </ForwardRef>
  </ButtonFactory>
</Component>
`;
